2026-09-02 06:09:42 ø™ º≤π¬º: «¯º‰ 2021-10-01~2026-09-01; SH/SZ 5214 ÷ª, BJ 339 ÷ª; reset=True
2026-09-02 06:09:42 [pandadata] ±Íµƒ 5214 ÷ª, π≤ 27 ≈˙, “—ÕÍ≥… 0 ≈˙
2026-09-02 06:09:58 [pandadata] ≈˙¥Œ 0 [1-200/5214]: –¥»Î 238200 ––, ¿€º∆ 238200, ”√ ± 16s
2026-09-02 06:10:13 [pandadata] ≈˙¥Œ 1 [201-400/5214]: –¥»Î 238200 ––, ¿€º∆ 476400, ”√ ± 31s
2026-09-02 06:10:26 [pandadata] ≈˙¥Œ 2 [401-600/5214]: –¥»Î 192491 ––, ¿€º∆ 668891, ”√ ± 44s
2026-09-02 06:10:41 [pandadata] ≈˙¥Œ 3 [601-800/5214]: –¥»Î 238200 ––, ¿€º∆ 907091, ”√ ± 59s
2026-09-02 06:10:56 [pandadata] ≈˙¥Œ 4 [801-1000/5214]: –¥»Î 238200 ––, ¿€º∆ 1145291, ”√ ± 73s
2026-09-02 06:11:10 [pandadata] ≈˙¥Œ 5 [1001-1200/5214]: –¥»Î 238200 ––, ¿€º∆ 1383491, ”√ ± 88s
2026-09-02 06:11:25 [pandadata] ≈˙¥Œ 6 [1201-1400/5214]: –¥»Î 238200 ––, ¿€º∆ 1621691, ”√ ± 103s
2026-09-02 06:11:40 [pandadata] ≈˙¥Œ 7 [1401-1600/5214]: –¥»Î 238200 ––, ¿€º∆ 1859891, ”√ ± 118s
2026-09-02 06:11:56 [pandadata] ≈˙¥Œ 8 [1601-1800/5214]: –¥»Î 238200 ––, ¿€º∆ 2098091, ”√ ± 134s
2026-09-02 06:12:12 [pandadata] ≈˙¥Œ 9 [1801-2000/5214]: –¥»Î 238200 ––, ¿€º∆ 2336291, ”√ ± 150s
2026-09-02 06:12:29 [pandadata] ≈˙¥Œ 10 [2001-2200/5214]: –¥»Î 238200 ––, ¿€º∆ 2574491, ”√ ± 167s
2026-09-02 06:12:44 [pandadata] ≈˙¥Œ 11 [2201-2400/5214]: –¥»Î 236620 ––, ¿€º∆ 2811111, ”√ ± 182s
2026-09-02 06:12:58 [pandadata] ≈˙¥Œ 12 [2401-2600/5214]: –¥»Î 227663 ––, ¿€º∆ 3038774, ”√ ± 196s
2026-09-02 06:13:10 [pandadata] ≈˙¥Œ 13 [2601-2800/5214]: –¥»Î 176917 ––, ¿€º∆ 3215691, ”√ ± 208s
2026-09-02 06:13:20 [pandadata] ≈˙¥Œ 14 [2801-3000/5214]: –¥»Î 163929 ––, ¿€º∆ 3379620, ”√ ± 218s
2026-09-02 06:13:35 [pandadata] ≈˙¥Œ 15 [3001-3200/5214]: –¥»Î 238200 ––, ¿€º∆ 3617820, ”√ ± 233s
2026-09-02 06:13:50 [pandadata] ≈˙¥Œ 16 [3201-3400/5214]: –¥»Î 238200 ––, ¿€º∆ 3856020, ”√ ± 248s
2026-09-02 06:14:05 [pandadata] ≈˙¥Œ 17 [3401-3600/5214]: –¥»Î 237787 ––, ¿€º∆ 4093807, ”√ ± 263s
2026-09-02 06:14:19 [pandadata] ≈˙¥Œ 18 [3601-3800/5214]: –¥»Î 229699 ––, ¿€º∆ 4323506, ”√ ± 277s
2026-09-02 06:14:33 [pandadata] ≈˙¥Œ 19 [3801-4000/5214]: –¥»Î 224959 ––, ¿€º∆ 4548465, ”√ ± 291s
2026-09-02 06:14:45 [pandadata] ≈˙¥Œ 20 [4001-4200/5214]: –¥»Î 201344 ––, ¿€º∆ 4749809, ”√ ± 303s
2026-09-02 06:15:01 [pandadata] ≈˙¥Œ 21 [4201-4400/5214]: –¥»Î 233855 ––, ¿€º∆ 4983664, ”√ ± 319s
2026-09-02 06:15:15 [pandadata] ≈˙¥Œ 22 [4401-4600/5214]: –¥»Î 238164 ––, ¿€º∆ 5221828, ”√ ± 333s
2026-09-02 06:15:29 [pandadata] ≈˙¥Œ 23 [4601-4800/5214]: –¥»Î 229266 ––, ¿€º∆ 5451094, ”√ ± 347s
2026-09-02 06:15:42 [pandadata] ≈˙¥Œ 24 [4801-5000/5214]: –¥»Î 212624 ––, ¿€º∆ 5663718, ”√ ± 360s
2026-09-02 06:15:53 [pandadata] ≈˙¥Œ 25 [5001-5200/5214]: –¥»Î 186737 ––, ¿€º∆ 5850455, ”√ ± 371s
2026-09-02 06:15:55 [pandadata] ≈˙¥Œ 26 [5201-5214/5214]: –¥»Î 4372 ––, ¿€º∆ 5854827, ”√ ± 373s
2026-09-02 06:15:55 [pandadata] Ω· ¯: ¿€º∆ 5854827 ––, ∫ƒ ± 373s, ÕÍ≥… 27/27 ≈˙,  ß∞‹ []
2026-09-02 06:15:56 [akshare/BJ] ±Íµƒ 339 ÷ª, “—ÕÍ≥… 0 ÷ª
2026-09-02 06:15:56 [akshare/BJ] 920000.BJ  ß∞‹: ProxyError: HTTPSConnectionPool(host='push2his.eastmoney.com', port=443): Max retries exceeded with url: /api/qt/stock/kline/get?fields1=f1%2Cf2%2Cf3%2C
2026-09-02 06:15:57 [akshare/BJ] 920001.BJ  ß∞‹: ProxyError: HTTPSConnectionPool(host='push2his.eastmoney.com', port=443): Max retries exceeded with url: /api/qt/stock/kline/get?fields1=f1%2Cf2%2Cf3%2C
2026-09-02 06:15:57 [akshare/BJ] 920002.BJ  ß∞‹: ProxyError: HTTPSConnectionPool(host='push2his.eastmoney.com', port=443): Max retries exceeded with url: /api/qt/stock/kline/get?fields1=f1%2Cf2%2Cf3%2C
2026-09-02 06:15:58 [akshare/BJ] 920003.BJ  ß∞‹: ProxyError: HTTPSConnectionPool(host='push2his.eastmoney.com', port=443): Max retries exceeded with url: /api/qt/stock/kline/get?fields1=f1%2Cf2%2Cf3%2C
2026-09-02 06:15:58 [akshare/BJ] 920005.BJ  ß∞‹: ProxyError: HTTPSConnectionPool(host='push2his.eastmoney.com', port=443): Max retries exceeded with url: /api/qt/stock/kline/get?fields1=f1%2Cf2%2Cf3%2C
2026-09-02 06:15:58 [akshare/BJ] 920006.BJ  ß∞‹: ProxyError: HTTPSConnectionPool(host='push2his.eastmoney.com', port=443): Max retries exceeded with url: /api/qt/stock/kline/get?fields1=f1%2Cf2%2Cf3%2C
2026-09-02 06:15:59 [akshare/BJ] 920007.BJ  ß∞‹: ProxyError: HTTPSConnectionPool(host='push2his.eastmoney.com', port=443): Max retries exceeded with url: /api/qt/stock/kline/get?fields1=f1%2Cf2%2Cf3%2C
2026-09-02 06:15:59 [akshare/BJ] 920008.BJ  ß∞‹: ProxyError: HTTPSConnectionPool(host='push2his.eastmoney.com', port=443): Max retries exceeded with url: /api/qt/stock/kline/get?fields1=f1%2Cf2%2Cf3%2C
2026-09-02 06:16:00 [akshare/BJ] 920009.BJ  ß∞‹: ProxyError: HTTPSConnectionPool(host='push2his.eastmoney.com', port=443): Max retries exceeded with url: /api/qt/stock/kline/get?fields1=f1%2Cf2%2Cf3%2C
2026-09-02 06:16:00 [akshare/BJ] 920010.BJ  ß∞‹: ProxyError: HTTPSConnectionPool(host='push2his.eastmoney.com', port=443): Max retries exceeded with url: /api/qt/stock/kline/get?fields1=f1%2Cf2%2Cf3%2C
2026-09-02 06:16:01 [akshare/BJ] 920011.BJ  ß∞‹: ProxyError: HTTPSConnectionPool(host='push2his.eastmoney.com', port=443): Max retries exceeded with url: /api/qt/stock/kline/get?fields1=f1%2Cf2%2Cf3%2C
2026-09-02 06:16:01 [akshare/BJ] 920012.BJ  ß∞‹: ProxyError: HTTPSConnectionPool(host='push2his.eastmoney.com', port=443): Max retries exceeded with url: /api/qt/stock/kline/get?fields1=f1%2Cf2%2Cf3%2C
2026-09-02 06:16:01 [akshare/BJ] 920014.BJ  ß∞‹: ProxyError: HTTPSConnectionPool(host='push2his.eastmoney.com', port=443): Max retries exceeded with url: /api/qt/stock/kline/get?fields1=f1%2Cf2%2Cf3%2C
2026-09-02 06:16:02 [akshare/BJ] 920015.BJ  ß∞‹: ProxyError: HTTPSConnectionPool(host='push2his.eastmoney.com', port=443): Max retries exceeded with url: /api/qt/stock/kline/get?fields1=f1%2Cf2%2Cf3%2C
2026-09-02 06:16:02 [akshare/BJ] 920016.BJ  ß∞‹: ProxyError: HTTPSConnectionPool(host='push2his.eastmoney.com', port=443): Max retries exceeded with url: /api/qt/stock/kline/get?fields1=f1%2Cf2%2Cf3%2C
2026-09-02 06:16:03 [akshare/BJ] 920017.BJ  ß∞‹: ProxyError: HTTPSConnectionPool(host='push2his.eastmoney.com', port=443): Max retries exceeded with url: /api/qt/stock/kline/get?fields1=f1%2Cf2%2Cf3%2C
2026-09-02 06:16:03 [akshare/BJ] 920018.BJ  ß∞‹: ProxyError: HTTPSConnectionPool(host='push2his.eastmoney.com', port=443): Max retries exceeded with url: /api/qt/stock/kline/get?fields1=f1%2Cf2%2Cf3%2C
2026-09-02 06:16:03 [akshare/BJ] 920019.BJ  ß∞‹: ProxyError: HTTPSConnectionPool(host='push2his.eastmoney.com', port=443): Max retries exceeded with url: /api/qt/stock/kline/get?fields1=f1%2Cf2%2Cf3%2C
2026-09-02 06:16:04 [akshare/BJ] 920020.BJ  ß∞‹: ProxyError: HTTPSConnectionPool(host='push2his.eastmoney.com', port=443): Max retries exceeded with url: /api/qt/stock/kline/get?fields1=f1%2Cf2%2Cf3%2C
2026-09-02 06:16:04 [akshare/BJ] 920021.BJ  ß∞‹: ProxyError: HTTPSConnectionPool(host='push2his.eastmoney.com', port=443): Max retries exceeded with url: /api/qt/stock/kline/get?fields1=f1%2Cf2%2Cf3%2C
2026-09-02 06:16:05 [akshare/BJ] 920022.BJ  ß∞‹: ProxyError: HTTPSConnectionPool(host='push2his.eastmoney.com', port=443): Max retries exceeded with url: /api/qt/stock/kline/get?fields1=f1%2Cf2%2Cf3%2C
2026-09-02 06:16:05 [akshare/BJ] 920023.BJ  ß∞‹: ProxyError: HTTPSConnectionPool(host='push2his.eastmoney.com', port=443): Max retries exceeded with url: /api/qt/stock/kline/get?fields1=f1%2Cf2%2Cf3%2C
2026-09-02 06:16:06 [akshare/BJ] 920026.BJ  ß∞‹: ProxyError: HTTPSConnectionPool(host='push2his.eastmoney.com', port=443): Max retries exceeded with url: /api/qt/stock/kline/get?fields1=f1%2Cf2%2Cf3%2C
2026-09-02 06:16:06 [akshare/BJ] 920027.BJ  ß∞‹: ProxyError: HTTPSConnectionPool(host='push2his.eastmoney.com', port=443): Max retries exceeded with url: /api/qt/stock/kline/get?fields1=f1%2Cf2%2Cf3%2C
2026-09-02 06:16:07 [akshare/BJ] 920028.BJ  ß∞‹: ProxyError: HTTPSConnectionPool(host='push2his.eastmoney.com', port=443): Max retries exceeded with url: /api/qt/stock/kline/get?fields1=f1%2Cf2%2Cf3%2C
2026-09-02 06:16:07 [akshare/BJ] 920029.BJ  ß∞‹: ProxyError: HTTPSConnectionPool(host='push2his.eastmoney.com', port=443): Max retries exceeded with url: /api/qt/stock/kline/get?fields1=f1%2Cf2%2Cf3%2C
2026-09-02 06:16:07 [akshare/BJ] 920030.BJ  ß∞‹: ProxyError: HTTPSConnectionPool(host='push2his.eastmoney.com', port=443): Max retries exceeded with url: /api/qt/stock/kline/get?fields1=f1%2Cf2%2Cf3%2C
2026-09-02 06:16:08 [akshare/BJ] 920033.BJ  ß∞‹: ProxyError: HTTPSConnectionPool(host='push2his.eastmoney.com', port=443): Max retries exceeded with url: /api/qt/stock/kline/get?fields1=f1%2Cf2%2Cf3%2C
2026-09-02 06:16:08 [akshare/BJ] 920035.BJ  ß∞‹: ProxyError: HTTPSConnectionPool(host='push2his.eastmoney.com', port=443): Max retries exceeded with url: /api/qt/stock/kline/get?fields1=f1%2Cf2%2Cf3%2C
2026-09-02 06:16:09 [akshare/BJ] 920036.BJ  ß∞‹: ProxyError: HTTPSConnectionPool(host='push2his.eastmoney.com', port=443): Max retries exceeded with url: /api/qt/stock/kline/get?fields1=f1%2Cf2%2Cf3%2C
2026-09-02 06:16:09 [akshare/BJ] 920037.BJ  ß∞‹: ProxyError: HTTPSConnectionPool(host='push2his.eastmoney.com', port=443): Max retries exceeded with url: /api/qt/stock/kline/get?fields1=f1%2Cf2%2Cf3%2C
2026-09-02 06:16:10 [akshare/BJ] 920038.BJ  ß∞‹: ProxyError: HTTPSConnectionPool(host='push2his.eastmoney.com', port=443): Max retries exceeded with url: /api/qt/stock/kline/get?fields1=f1%2Cf2%2Cf3%2C
2026-09-02 06:16:10 [akshare/BJ] 920039.BJ  ß∞‹: ProxyError: HTTPSConnectionPool(host='push2his.eastmoney.com', port=443): Max retries exceeded with url: /api/qt/stock/kline/get?fields1=f1%2Cf2%2Cf3%2C
2026-09-02 06:16:11 [akshare/BJ] 920045.BJ  ß∞‹: ProxyError: HTTPSConnectionPool(host='push2his.eastmoney.com', port=443): Max retries exceeded with url: /api/qt/stock/kline/get?fields1=f1%2Cf2%2Cf3%2C
2026-09-02 06:16:11 [akshare/BJ] 920046.BJ  ß∞‹: ProxyError: HTTPSConnectionPool(host='push2his.eastmoney.com', port=443): Max retries exceeded with url: /api/qt/stock/kline/get?fields1=f1%2Cf2%2Cf3%2C
2026-09-02 06:16:12 [akshare/BJ] 920047.BJ  ß∞‹: ProxyError: HTTPSConnectionPool(host='push2his.eastmoney.com', port=443): Max retries exceeded with url: /api/qt/stock/kline/get?fields1=f1%2Cf2%2Cf3%2C
2026-09-02 06:16:12 [akshare/BJ] 920050.BJ  ß∞‹: ProxyError: HTTPSConnectionPool(host='push2his.eastmoney.com', port=443): Max retries exceeded with url: /api/qt/stock/kline/get?fields1=f1%2Cf2%2Cf3%2C
2026-09-02 06:16:12 [akshare/BJ] 920055.BJ  ß∞‹: ProxyError: HTTPSConnectionPool(host='push2his.eastmoney.com', port=443): Max retries exceeded with url: /api/qt/stock/kline/get?fields1=f1%2Cf2%2Cf3%2C
2026-09-02 06:16:13 [akshare/BJ] 920056.BJ  ß∞‹: ProxyError: HTTPSConnectionPool(host='push2his.eastmoney.com', port=443): Max retries exceeded with url: /api/qt/stock/kline/get?fields1=f1%2Cf2%2Cf3%2C
2026-09-02 06:16:13 [akshare/BJ] 920057.BJ  ß∞‹: ProxyError: HTTPSConnectionPool(host='push2his.eastmoney.com', port=443): Max retries exceeded with url: /api/qt/stock/kline/get?fields1=f1%2Cf2%2Cf3%2C
2026-09-02 06:16:14 [akshare/BJ] 920058.BJ  ß∞‹: ProxyError: HTTPSConnectionPool(host='push2his.eastmoney.com', port=443): Max retries exceeded with url: /api/qt/stock/kline/get?fields1=f1%2Cf2%2Cf3%2C
2026-09-02 06:16:14 [akshare/BJ] 920059.BJ  ß∞‹: ProxyError: HTTPSConnectionPool(host='push2his.eastmoney.com', port=443): Max retries exceeded with url: /api/qt/stock/kline/get?fields1=f1%2Cf2%2Cf3%2C
2026-09-02 06:16:15 [akshare/BJ] 920060.BJ  ß∞‹: ProxyError: HTTPSConnectionPool(host='push2his.eastmoney.com', port=443): Max retries exceeded with url: /api/qt/stock/kline/get?fields1=f1%2Cf2%2Cf3%2C
2026-09-02 06:16:15 [akshare/BJ] 920061.BJ  ß∞‹: ProxyError: HTTPSConnectionPool(host='push2his.eastmoney.com', port=443): Max retries exceeded with url: /api/qt/stock/kline/get?fields1=f1%2Cf2%2Cf3%2C
2026-09-02 06:16:15 [akshare/BJ] 920062.BJ  ß∞‹: ProxyError: HTTPSConnectionPool(host='push2his.eastmoney.com', port=443): Max retries exceeded with url: /api/qt/stock/kline/get?fields1=f1%2Cf2%2Cf3%2C
2026-09-02 06:16:16 [akshare/BJ] 920065.BJ  ß∞‹: ProxyError: HTTPSConnectionPool(host='push2his.eastmoney.com', port=443): Max retries exceeded with url: /api/qt/stock/kline/get?fields1=f1%2Cf2%2Cf3%2C
2026-09-02 06:16:16 [akshare/BJ] 920066.BJ  ß∞‹: ProxyError: HTTPSConnectionPool(host='push2his.eastmoney.com', port=443): Max retries exceeded with url: /api/qt/stock/kline/get?fields1=f1%2Cf2%2Cf3%2C
2026-09-02 06:16:17 [akshare/BJ] 920068.BJ  ß∞‹: ProxyError: HTTPSConnectionPool(host='push2his.eastmoney.com', port=443): Max retries exceeded with url: /api/qt/stock/kline/get?fields1=f1%2Cf2%2Cf3%2C
2026-09-02 06:16:17 [akshare/BJ] 920069.BJ  ß∞‹: ProxyError: HTTPSConnectionPool(host='push2his.eastmoney.com', port=443): Max retries exceeded with url: /api/qt/stock/kline/get?fields1=f1%2Cf2%2Cf3%2C
2026-09-02 06:16:18 [akshare/BJ] 920072.BJ  ß∞‹: ProxyError: HTTPSConnectionPool(host='push2his.eastmoney.com', port=443): Max retries exceeded with url: /api/qt/stock/kline/get?fields1=f1%2Cf2%2Cf3%2C
2026-09-02 06:16:18 [akshare/BJ] 920075.BJ  ß∞‹: ProxyError: HTTPSConnectionPool(host='push2his.eastmoney.com', port=443): Max retries exceeded with url: /api/qt/stock/kline/get?fields1=f1%2Cf2%2Cf3%2C
2026-09-02 06:16:19 [akshare/BJ] 920076.BJ  ß∞‹: ProxyError: HTTPSConnectionPool(host='push2his.eastmoney.com', port=443): Max retries exceeded with url: /api/qt/stock/kline/get?fields1=f1%2Cf2%2Cf3%2C
2026-09-02 06:16:19 [akshare/BJ] 920077.BJ  ß∞‹: ProxyError: HTTPSConnectionPool(host='push2his.eastmoney.com', port=443): Max retries exceeded with url: /api/qt/stock/kline/get?fields1=f1%2Cf2%2Cf3%2C
2026-09-02 06:16:19 [akshare/BJ] 920078.BJ  ß∞‹: ProxyError: HTTPSConnectionPool(host='push2his.eastmoney.com', port=443): Max retries exceeded with url: /api/qt/stock/kline/get?fields1=f1%2Cf2%2Cf3%2C
2026-09-02 06:16:20 [akshare/BJ] 920079.BJ  ß∞‹: ProxyError: HTTPSConnectionPool(host='push2his.eastmoney.com', port=443): Max retries exceeded with url: /api/qt/stock/kline/get?fields1=f1%2Cf2%2Cf3%2C
2026-09-02 06:16:20 [akshare/BJ] 920080.BJ  ß∞‹: ProxyError: HTTPSConnectionPool(host='push2his.eastmoney.com', port=443): Max retries exceeded with url: /api/qt/stock/kline/get?fields1=f1%2Cf2%2Cf3%2C
2026-09-02 06:16:21 [akshare/BJ] 920081.BJ  ß∞‹: ProxyError: HTTPSConnectionPool(host='push2his.eastmoney.com', port=443): Max retries exceeded with url: /api/qt/stock/kline/get?fields1=f1%2Cf2%2Cf3%2C
2026-09-02 06:16:21 [akshare/BJ] 920082.BJ  ß∞‹: ProxyError: HTTPSConnectionPool(host='push2his.eastmoney.com', port=443): Max retries exceeded with url: /api/qt/stock/kline/get?fields1=f1%2Cf2%2Cf3%2C
2026-09-02 06:16:22 [akshare/BJ] 920083.BJ  ß∞‹: ProxyError: HTTPSConnectionPool(host='push2his.eastmoney.com', port=443): Max retries exceeded with url: /api/qt/stock/kline/get?fields1=f1%2Cf2%2Cf3%2C
2026-09-02 06:16:22 [akshare/BJ] 920086.BJ  ß∞‹: ProxyError: HTTPSConnectionPool(host='push2his.eastmoney.com', port=443): Max retries exceeded with url: /api/qt/stock/kline/get?fields1=f1%2Cf2%2Cf3%2C
2026-09-02 06:16:22 [akshare/BJ] 920087.BJ  ß∞‹: ProxyError: HTTPSConnectionPool(host='push2his.eastmoney.com', port=443): Max retries exceeded with url: /api/qt/stock/kline/get?fields1=f1%2Cf2%2Cf3%2C
2026-09-02 06:16:23 [akshare/BJ] 920088.BJ  ß∞‹: ProxyError: HTTPSConnectionPool(host='push2his.eastmoney.com', port=443): Max retries exceeded with url: /api/qt/stock/kline/get?fields1=f1%2Cf2%2Cf3%2C
2026-09-02 06:16:23 [akshare/BJ] 920089.BJ  ß∞‹: ProxyError: HTTPSConnectionPool(host='push2his.eastmoney.com', port=443): Max retries exceeded with url: /api/qt/stock/kline/get?fields1=f1%2Cf2%2Cf3%2C
2026-09-02 06:16:24 [akshare/BJ] 920090.BJ  ß∞‹: ProxyError: HTTPSConnectionPool(host='push2his.eastmoney.com', port=443): Max retries exceeded with url: /api/qt/stock/kline/get?fields1=f1%2Cf2%2Cf3%2C
2026-09-02 06:16:24 [akshare/BJ] 920091.BJ  ß∞‹: ProxyError: HTTPSConnectionPool(host='push2his.eastmoney.com', port=443): Max retries exceeded with url: /api/qt/stock/kline/get?fields1=f1%2Cf2%2Cf3%2C
2026-09-02 06:16:25 [akshare/BJ] 920092.BJ  ß∞‹: ProxyError: HTTPSConnectionPool(host='push2his.eastmoney.com', port=443): Max retries exceeded with url: /api/qt/stock/kline/get?fields1=f1%2Cf2%2Cf3%2C
2026-09-02 06:16:25 [akshare/BJ] 920093.BJ  ß∞‹: ProxyError: HTTPSConnectionPool(host='push2his.eastmoney.com', port=443): Max retries exceeded with url: /api/qt/stock/kline/get?fields1=f1%2Cf2%2Cf3%2C
2026-09-02 06:16:26 [akshare/BJ] 920096.BJ  ß∞‹: ProxyError: HTTPSConnectionPool(host='push2his.eastmoney.com', port=443): Max retries exceeded with url: /api/qt/stock/kline/get?fields1=f1%2Cf2%2Cf3%2C
2026-09-02 06:16:26 [akshare/BJ] 920098.BJ  ß∞‹: ProxyError: HTTPSConnectionPool(host='push2his.eastmoney.com', port=443): Max retries exceeded with url: /api/qt/stock/kline/get?fields1=f1%2Cf2%2Cf3%2C
2026-09-02 06:16:27 [akshare/BJ] 920099.BJ  ß∞‹: ProxyError: HTTPSConnectionPool(host='push2his.eastmoney.com', port=443): Max retries exceeded with url: /api/qt/stock/kline/get?fields1=f1%2Cf2%2Cf3%2C
2026-09-02 06:16:27 [akshare/BJ] 920100.BJ  ß∞‹: ProxyError: HTTPSConnectionPool(host='push2his.eastmoney.com', port=443): Max retries exceeded with url: /api/qt/stock/kline/get?fields1=f1%2Cf2%2Cf3%2C
2026-09-02 06:16:27 [akshare/BJ] 920101.BJ  ß∞‹: ProxyError: HTTPSConnectionPool(host='push2his.eastmoney.com', port=443): Max retries exceeded with url: /api/qt/stock/kline/get?fields1=f1%2Cf2%2Cf3%2C
2026-09-02 06:16:28 [akshare/BJ] 920106.BJ  ß∞‹: ProxyError: HTTPSConnectionPool(host='push2his.eastmoney.com', port=443): Max retries exceeded with url: /api/qt/stock/kline/get?fields1=f1%2Cf2%2Cf3%2C
2026-09-02 06:16:28 [akshare/BJ] 920107.BJ  ß∞‹: ProxyError: HTTPSConnectionPool(host='push2his.eastmoney.com', port=443): Max retries exceeded with url: /api/qt/stock/kline/get?fields1=f1%2Cf2%2Cf3%2C
2026-09-02 06:16:29 [akshare/BJ] 920108.BJ  ß∞‹: ProxyError: HTTPSConnectionPool(host='push2his.eastmoney.com', port=443): Max retries exceeded with url: /api/qt/stock/kline/get?fields1=f1%2Cf2%2Cf3%2C
2026-09-02 06:16:29 [akshare/BJ] 920110.BJ  ß∞‹: ProxyError: HTTPSConnectionPool(host='push2his.eastmoney.com', port=443): Max retries exceeded with url: /api/qt/stock/kline/get?fields1=f1%2Cf2%2Cf3%2C
2026-09-02 06:16:30 [akshare/BJ] 920111.BJ  ß∞‹: ProxyError: HTTPSConnectionPool(host='push2his.eastmoney.com', port=443): Max retries exceeded with url: /api/qt/stock/kline/get?fields1=f1%2Cf2%2Cf3%2C
2026-09-02 06:16:30 [akshare/BJ] 920112.BJ  ß∞‹: ProxyError: HTTPSConnectionPool(host='push2his.eastmoney.com', port=443): Max retries exceeded with url: /api/qt/stock/kline/get?fields1=f1%2Cf2%2Cf3%2C
2026-09-02 06:16:31 [akshare/BJ] 920116.BJ  ß∞‹: ProxyError: HTTPSConnectionPool(host='push2his.eastmoney.com', port=443): Max retries exceeded with url: /api/qt/stock/kline/get?fields1=f1%2Cf2%2Cf3%2C
2026-09-02 06:16:31 [akshare/BJ] 920117.BJ  ß∞‹: ProxyError: HTTPSConnectionPool(host='push2his.eastmoney.com', port=443): Max retries exceeded with url: /api/qt/stock/kline/get?fields1=f1%2Cf2%2Cf3%2C
2026-09-02 06:16:32 [akshare/BJ] 920118.BJ  ß∞‹: ProxyError: HTTPSConnectionPool(host='push2his.eastmoney.com', port=443): Max retries exceeded with url: /api/qt/stock/kline/get?fields1=f1%2Cf2%2Cf3%2C
2026-09-02 06:16:32 [akshare/BJ] 920119.BJ  ß∞‹: ProxyError: HTTPSConnectionPool(host='push2his.eastmoney.com', port=443): Max retries exceeded with url: /api/qt/stock/kline/get?fields1=f1%2Cf2%2Cf3%2C
2026-09-02 06:16:32 [akshare/BJ] 920121.BJ  ß∞‹: ProxyError: HTTPSConnectionPool(host='push2his.eastmoney.com', port=443): Max retries exceeded with url: /api/qt/stock/kline/get?fields1=f1%2Cf2%2Cf3%2C
2026-09-02 06:16:33 [akshare/BJ] 920122.BJ  ß∞‹: ProxyError: HTTPSConnectionPool(host='push2his.eastmoney.com', port=443): Max retries exceeded with url: /api/qt/stock/kline/get?fields1=f1%2Cf2%2Cf3%2C
2026-09-02 06:16:33 [akshare/BJ] 920123.BJ  ß∞‹: ProxyError: HTTPSConnectionPool(host='push2his.eastmoney.com', port=443): Max retries exceeded with url: /api/qt/stock/kline/get?fields1=f1%2Cf2%2Cf3%2C
2026-09-02 06:16:34 [akshare/BJ] 920124.BJ  ß∞‹: ProxyError: HTTPSConnectionPool(host='push2his.eastmoney.com', port=443): Max retries exceeded with url: /api/qt/stock/kline/get?fields1=f1%2Cf2%2Cf3%2C
2026-09-02 06:16:34 [akshare/BJ] 920125.BJ  ß∞‹: ProxyError: HTTPSConnectionPool(host='push2his.eastmoney.com', port=443): Max retries exceeded with url: /api/qt/stock/kline/get?fields1=f1%2Cf2%2Cf3%2C
2026-09-02 06:16:34 [akshare/BJ] 920126.BJ  ß∞‹: ProxyError: HTTPSConnectionPool(host='push2his.eastmoney.com', port=443): Max retries exceeded with url: /api/qt/stock/kline/get?fields1=f1%2Cf2%2Cf3%2C
2026-09-02 06:16:35 [akshare/BJ] 920128.BJ  ß∞‹: ProxyError: HTTPSConnectionPool(host='push2his.eastmoney.com', port=443): Max retries exceeded with url: /api/qt/stock/kline/get?fields1=f1%2Cf2%2Cf3%2C
2026-09-02 06:16:35 [akshare/BJ] 920130.BJ  ß∞‹: ProxyError: HTTPSConnectionPool(host='push2his.eastmoney.com', port=443): Max retries exceeded with url: /api/qt/stock/kline/get?fields1=f1%2Cf2%2Cf3%2C
2026-09-02 06:16:36 [akshare/BJ] 920132.BJ  ß∞‹: ProxyError: HTTPSConnectionPool(host='push2his.eastmoney.com', port=443): Max retries exceeded with url: /api/qt/stock/kline/get?fields1=f1%2Cf2%2Cf3%2C
2026-09-02 06:16:36 [akshare/BJ] 920136.BJ  ß∞‹: ProxyError: HTTPSConnectionPool(host='push2his.eastmoney.com', port=443): Max retries exceeded with url: /api/qt/stock/kline/get?fields1=f1%2Cf2%2Cf3%2C
2026-09-02 06:16:37 [akshare/BJ] 920138.BJ  ß∞‹: ProxyError: HTTPSConnectionPool(host='push2his.eastmoney.com', port=443): Max retries exceeded with url: /api/qt/stock/kline/get?fields1=f1%2Cf2%2Cf3%2C
2026-09-02 06:16:37 [akshare/BJ] 920139.BJ  ß∞‹: ProxyError: HTTPSConnectionPool(host='push2his.eastmoney.com', port=443): Max retries exceeded with url: /api/qt/stock/kline/get?fields1=f1%2Cf2%2Cf3%2C
2026-09-02 06:16:37 [akshare/BJ] 920145.BJ  ß∞‹: ProxyError: HTTPSConnectionPool(host='push2his.eastmoney.com', port=443): Max retries exceeded with url: /api/qt/stock/kline/get?fields1=f1%2Cf2%2Cf3%2C
2026-09-02 06:16:38 [akshare/BJ] 920146.BJ  ß∞‹: ProxyError: HTTPSConnectionPool(host='push2his.eastmoney.com', port=443): Max retries exceeded with url: /api/qt/stock/kline/get?fields1=f1%2Cf2%2Cf3%2C
2026-09-02 06:16:38 [akshare/BJ] 920149.BJ  ß∞‹: ProxyError: HTTPSConnectionPool(host='push2his.eastmoney.com', port=443): Max retries exceeded with url: /api/qt/stock/kline/get?fields1=f1%2Cf2%2Cf3%2C
2026-09-02 06:16:39 [akshare/BJ] 920152.BJ  ß∞‹: ProxyError: HTTPSConnectionPool(host='push2his.eastmoney.com', port=443): Max retries exceeded with url: /api/qt/stock/kline/get?fields1=f1%2Cf2%2Cf3%2C
2026-09-02 06:16:39 [akshare/BJ] 920156.BJ  ß∞‹: ProxyError: HTTPSConnectionPool(host='push2his.eastmoney.com', port=443): Max retries exceeded with url: /api/qt/stock/kline/get?fields1=f1%2Cf2%2Cf3%2C
2026-09-02 06:16:40 [akshare/BJ] 920158.BJ  ß∞‹: ProxyError: HTTPSConnectionPool(host='push2his.eastmoney.com', port=443): Max retries exceeded with url: /api/qt/stock/kline/get?fields1=f1%2Cf2%2Cf3%2C
2026-09-02 06:16:40 [akshare/BJ] 920159.BJ  ß∞‹: ProxyError: HTTPSConnectionPool(host='push2his.eastmoney.com', port=443): Max retries exceeded with url: /api/qt/stock/kline/get?fields1=f1%2Cf2%2Cf3%2C
2026-09-02 06:16:41 [akshare/BJ] 920160.BJ  ß∞‹: ProxyError: HTTPSConnectionPool(host='push2his.eastmoney.com', port=443): Max retries exceeded with url: /api/qt/stock/kline/get?fields1=f1%2Cf2%2Cf3%2C
2026-09-02 06:16:41 [akshare/BJ] 920161.BJ  ß∞‹: ProxyError: HTTPSConnectionPool(host='push2his.eastmoney.com', port=443): Max retries exceeded with url: /api/qt/stock/kline/get?fields1=f1%2Cf2%2Cf3%2C
2026-09-02 06:16:41 [akshare/BJ] 920163.BJ  ß∞‹: ProxyError: HTTPSConnectionPool(host='push2his.eastmoney.com', port=443): Max retries exceeded with url: /api/qt/stock/kline/get?fields1=f1%2Cf2%2Cf3%2C
2026-09-02 06:16:42 [akshare/BJ] 920165.BJ  ß∞‹: ProxyError: HTTPSConnectionPool(host='push2his.eastmoney.com', port=443): Max retries exceeded with url: /api/qt/stock/kline/get?fields1=f1%2Cf2%2Cf3%2C
2026-09-02 06:16:42 [akshare/BJ] 920166.BJ  ß∞‹: ProxyError: HTTPSConnectionPool(host='push2his.eastmoney.com', port=443): Max retries exceeded with url: /api/qt/stock/kline/get?fields1=f1%2Cf2%2Cf3%2C
2026-09-02 06:16:43 [akshare/BJ] 920167.BJ  ß∞‹: ProxyError: HTTPSConnectionPool(host='push2his.eastmoney.com', port=443): Max retries exceeded with url: /api/qt/stock/kline/get?fields1=f1%2Cf2%2Cf3%2C
2026-09-02 06:16:43 [akshare/BJ] 920168.BJ  ß∞‹: ProxyError: HTTPSConnectionPool(host='push2his.eastmoney.com', port=443): Max retries exceeded with url: /api/qt/stock/kline/get?fields1=f1%2Cf2%2Cf3%2C
2026-09-02 06:16:44 [akshare/BJ] 920169.BJ  ß∞‹: ProxyError: HTTPSConnectionPool(host='push2his.eastmoney.com', port=443): Max retries exceeded with url: /api/qt/stock/kline/get?fields1=f1%2Cf2%2Cf3%2C
2026-09-02 06:16:44 [akshare/BJ] 920171.BJ  ß∞‹: ProxyError: HTTPSConnectionPool(host='push2his.eastmoney.com', port=443): Max retries exceeded with url: /api/qt/stock/kline/get?fields1=f1%2Cf2%2Cf3%2C
2026-09-02 06:16:44 [akshare/BJ] 920174.BJ  ß∞‹: ProxyError: HTTPSConnectionPool(host='push2his.eastmoney.com', port=443): Max retries exceeded with url: /api/qt/stock/kline/get?fields1=f1%2Cf2%2Cf3%2C
2026-09-02 06:16:45 [akshare/BJ] 920175.BJ  ß∞‹: ProxyError: HTTPSConnectionPool(host='push2his.eastmoney.com', port=443): Max retries exceeded with url: /api/qt/stock/kline/get?fields1=f1%2Cf2%2Cf3%2C
2026-09-02 06:16:45 [akshare/BJ] 920176.BJ  ß∞‹: ProxyError: HTTPSConnectionPool(host='push2his.eastmoney.com', port=443): Max retries exceeded with url: /api/qt/stock/kline/get?fields1=f1%2Cf2%2Cf3%2C
2026-09-02 06:16:46 [akshare/BJ] 920177.BJ  ß∞‹: ProxyError: HTTPSConnectionPool(host='push2his.eastmoney.com', port=443): Max retries exceeded with url: /api/qt/stock/kline/get?fields1=f1%2Cf2%2Cf3%2C
2026-09-02 06:16:46 [akshare/BJ] 920178.BJ  ß∞‹: ProxyError: HTTPSConnectionPool(host='push2his.eastmoney.com', port=443): Max retries exceeded with url: /api/qt/stock/kline/get?fields1=f1%2Cf2%2Cf3%2C
2026-09-02 06:16:47 [akshare/BJ] 920179.BJ  ß∞‹: ProxyError: HTTPSConnectionPool(host='push2his.eastmoney.com', port=443): Max retries exceeded with url: /api/qt/stock/kline/get?fields1=f1%2Cf2%2Cf3%2C
2026-09-02 06:16:47 [akshare/BJ] 920180.BJ  ß∞‹: ProxyError: HTTPSConnectionPool(host='push2his.eastmoney.com', port=443): Max retries exceeded with url: /api/qt/stock/kline/get?fields1=f1%2Cf2%2Cf3%2C
2026-09-02 06:16:47 [akshare/BJ] 920181.BJ  ß∞‹: ProxyError: HTTPSConnectionPool(host='push2his.eastmoney.com', port=443): Max retries exceeded with url: /api/qt/stock/kline/get?fields1=f1%2Cf2%2Cf3%2C
2026-09-02 06:16:48 [akshare/BJ] 920183.BJ  ß∞‹: ProxyError: HTTPSConnectionPool(host='push2his.eastmoney.com', port=443): Max retries exceeded with url: /api/qt/stock/kline/get?fields1=f1%2Cf2%2Cf3%2C
2026-09-02 06:16:48 [akshare/BJ] 920184.BJ  ß∞‹: ProxyError: HTTPSConnectionPool(host='push2his.eastmoney.com', port=443): Max retries exceeded with url: /api/qt/stock/kline/get?fields1=f1%2Cf2%2Cf3%2C
2026-09-02 06:16:49 [akshare/BJ] 920185.BJ  ß∞‹: ProxyError: HTTPSConnectionPool(host='push2his.eastmoney.com', port=443): Max retries exceeded with url: /api/qt/stock/kline/get?fields1=f1%2Cf2%2Cf3%2C
2026-09-02 06:16:49 [akshare/BJ] 920186.BJ  ß∞‹: ProxyError: HTTPSConnectionPool(host='push2his.eastmoney.com', port=443): Max retries exceeded with url: /api/qt/stock/kline/get?fields1=f1%2Cf2%2Cf3%2C
2026-09-02 06:16:50 [akshare/BJ] 920187.BJ  ß∞‹: ProxyError: HTTPSConnectionPool(host='push2his.eastmoney.com', port=443): Max retries exceeded with url: /api/qt/stock/kline/get?fields1=f1%2Cf2%2Cf3%2C
2026-09-02 06:16:50 [akshare/BJ] 920188.BJ  ß∞‹: ProxyError: HTTPSConnectionPool(host='push2his.eastmoney.com', port=443): Max retries exceeded with url: /api/qt/stock/kline/get?fields1=f1%2Cf2%2Cf3%2C
2026-09-02 06:16:50 [akshare/BJ] 920189.BJ  ß∞‹: ProxyError: HTTPSConnectionPool(host='push2his.eastmoney.com', port=443): Max retries exceeded with url: /api/qt/stock/kline/get?fields1=f1%2Cf2%2Cf3%2C
2026-09-02 06:16:51 [akshare/BJ] 920190.BJ  ß∞‹: ProxyError: HTTPSConnectionPool(host='push2his.eastmoney.com', port=443): Max retries exceeded with url: /api/qt/stock/kline/get?fields1=f1%2Cf2%2Cf3%2C
2026-09-02 06:16:51 [akshare/BJ] 920191.BJ  ß∞‹: ProxyError: HTTPSConnectionPool(host='push2his.eastmoney.com', port=443): Max retries exceeded with url: /api/qt/stock/kline/get?fields1=f1%2Cf2%2Cf3%2C
2026-09-02 06:16:52 [akshare/BJ] 920193.BJ  ß∞‹: ProxyError: HTTPSConnectionPool(host='push2his.eastmoney.com', port=443): Max retries exceeded with url: /api/qt/stock/kline/get?fields1=f1%2Cf2%2Cf3%2C
2026-09-02 06:16:52 [akshare/BJ] 920195.BJ  ß∞‹: ProxyError: HTTPSConnectionPool(host='push2his.eastmoney.com', port=443): Max retries exceeded with url: /api/qt/stock/kline/get?fields1=f1%2Cf2%2Cf3%2C
2026-09-02 06:16:53 [akshare/BJ] 920198.BJ  ß∞‹: ProxyError: HTTPSConnectionPool(host='push2his.eastmoney.com', port=443): Max retries exceeded with url: /api/qt/stock/kline/get?fields1=f1%2Cf2%2Cf3%2C
2026-09-02 06:16:53 [akshare/BJ] 920199.BJ  ß∞‹: ProxyError: HTTPSConnectionPool(host='push2his.eastmoney.com', port=443): Max retries exceeded with url: /api/qt/stock/kline/get?fields1=f1%2Cf2%2Cf3%2C
2026-09-02 06:16:53 [akshare/BJ] 920200.BJ  ß∞‹: ProxyError: HTTPSConnectionPool(host='push2his.eastmoney.com', port=443): Max retries exceeded with url: /api/qt/stock/kline/get?fields1=f1%2Cf2%2Cf3%2C
2026-09-02 06:16:54 [akshare/BJ] 920204.BJ  ß∞‹: ProxyError: HTTPSConnectionPool(host='push2his.eastmoney.com', port=443): Max retries exceeded with url: /api/qt/stock/kline/get?fields1=f1%2Cf2%2Cf3%2C
2026-09-02 06:16:54 [akshare/BJ] 920206.BJ  ß∞‹: ProxyError: HTTPSConnectionPool(host='push2his.eastmoney.com', port=443): Max retries exceeded with url: /api/qt/stock/kline/get?fields1=f1%2Cf2%2Cf3%2C
2026-09-02 06:16:55 [akshare/BJ] 920207.BJ  ß∞‹: ProxyError: HTTPSConnectionPool(host='push2his.eastmoney.com', port=443): Max retries exceeded with url: /api/qt/stock/kline/get?fields1=f1%2Cf2%2Cf3%2C
2026-09-02 06:16:55 [akshare/BJ] 920208.BJ  ß∞‹: ProxyError: HTTPSConnectionPool(host='push2his.eastmoney.com', port=443): Max retries exceeded with url: /api/qt/stock/kline/get?fields1=f1%2Cf2%2Cf3%2C
2026-09-02 06:16:56 [akshare/BJ] 920211.BJ  ß∞‹: ProxyError: HTTPSConnectionPool(host='push2his.eastmoney.com', port=443): Max retries exceeded with url: /api/qt/stock/kline/get?fields1=f1%2Cf2%2Cf3%2C
2026-09-02 06:16:56 [akshare/BJ] 920212.BJ  ß∞‹: ProxyError: HTTPSConnectionPool(host='push2his.eastmoney.com', port=443): Max retries exceeded with url: /api/qt/stock/kline/get?fields1=f1%2Cf2%2Cf3%2C
2026-09-02 06:16:57 [akshare/BJ] 920218.BJ  ß∞‹: ProxyError: HTTPSConnectionPool(host='push2his.eastmoney.com', port=443): Max retries exceeded with url: /api/qt/stock/kline/get?fields1=f1%2Cf2%2Cf3%2C
2026-09-02 06:16:57 [akshare/BJ] 920220.BJ  ß∞‹: ProxyError: HTTPSConnectionPool(host='push2his.eastmoney.com', port=443): Max retries exceeded with url: /api/qt/stock/kline/get?fields1=f1%2Cf2%2Cf3%2C
2026-09-02 06:16:58 [akshare/BJ] 920221.BJ  ß∞‹: ProxyError: HTTPSConnectionPool(host='push2his.eastmoney.com', port=443): Max retries exceeded with url: /api/qt/stock/kline/get?fields1=f1%2Cf2%2Cf3%2C
2026-09-02 06:16:58 [akshare/BJ] 920222.BJ  ß∞‹: ProxyError: HTTPSConnectionPool(host='push2his.eastmoney.com', port=443): Max retries exceeded with url: /api/qt/stock/kline/get?fields1=f1%2Cf2%2Cf3%2C
2026-09-02 06:16:59 [akshare/BJ] 920223.BJ  ß∞‹: ProxyError: HTTPSConnectionPool(host='push2his.eastmoney.com', port=443): Max retries exceeded with url: /api/qt/stock/kline/get?fields1=f1%2Cf2%2Cf3%2C
2026-09-02 06:16:59 [akshare/BJ] 920225.BJ  ß∞‹: ProxyError: HTTPSConnectionPool(host='push2his.eastmoney.com', port=443): Max retries exceeded with url: /api/qt/stock/kline/get?fields1=f1%2Cf2%2Cf3%2C
2026-09-02 06:16:59 [akshare/BJ] 920227.BJ  ß∞‹: ProxyError: HTTPSConnectionPool(host='push2his.eastmoney.com', port=443): Max retries exceeded with url: /api/qt/stock/kline/get?fields1=f1%2Cf2%2Cf3%2C
2026-09-02 06:17:00 [akshare/BJ] 920230.BJ  ß∞‹: ProxyError: HTTPSConnectionPool(host='push2his.eastmoney.com', port=443): Max retries exceeded with url: /api/qt/stock/kline/get?fields1=f1%2Cf2%2Cf3%2C
2026-09-02 06:17:00 [akshare/BJ] 920237.BJ  ß∞‹: ProxyError: HTTPSConnectionPool(host='push2his.eastmoney.com', port=443): Max retries exceeded with url: /api/qt/stock/kline/get?fields1=f1%2Cf2%2Cf3%2C
2026-09-02 06:17:01 [akshare/BJ] 920238.BJ  ß∞‹: ProxyError: HTTPSConnectionPool(host='push2his.eastmoney.com', port=443): Max retries exceeded with url: /api/qt/stock/kline/get?fields1=f1%2Cf2%2Cf3%2C
2026-09-02 06:17:01 [akshare/BJ] 920239.BJ  ß∞‹: ProxyError: HTTPSConnectionPool(host='push2his.eastmoney.com', port=443): Max retries exceeded with url: /api/qt/stock/kline/get?fields1=f1%2Cf2%2Cf3%2C
2026-09-02 06:17:02 [akshare/BJ] 920242.BJ  ß∞‹: ProxyError: HTTPSConnectionPool(host='push2his.eastmoney.com', port=443): Max retries exceeded with url: /api/qt/stock/kline/get?fields1=f1%2Cf2%2Cf3%2C
2026-09-02 06:17:02 [akshare/BJ] 920245.BJ  ß∞‹: ProxyError: HTTPSConnectionPool(host='push2his.eastmoney.com', port=443): Max retries exceeded with url: /api/qt/stock/kline/get?fields1=f1%2Cf2%2Cf3%2C
2026-09-02 06:17:02 [akshare/BJ] 920247.BJ  ß∞‹: ProxyError: HTTPSConnectionPool(host='push2his.eastmoney.com', port=443): Max retries exceeded with url: /api/qt/stock/kline/get?fields1=f1%2Cf2%2Cf3%2C
2026-09-02 06:17:03 [akshare/BJ] 920249.BJ  ß∞‹: ProxyError: HTTPSConnectionPool(host='push2his.eastmoney.com', port=443): Max retries exceeded with url: /api/qt/stock/kline/get?fields1=f1%2Cf2%2Cf3%2C
2026-09-02 06:17:03 [akshare/BJ] 920252.BJ  ß∞‹: ProxyError: HTTPSConnectionPool(host='push2his.eastmoney.com', port=443): Max retries exceeded with url: /api/qt/stock/kline/get?fields1=f1%2Cf2%2Cf3%2C
2026-09-02 06:17:04 [akshare/BJ] 920258.BJ  ß∞‹: ProxyError: HTTPSConnectionPool(host='push2his.eastmoney.com', port=443): Max retries exceeded with url: /api/qt/stock/kline/get?fields1=f1%2Cf2%2Cf3%2C
2026-09-02 06:17:04 [akshare/BJ] 920260.BJ  ß∞‹: ProxyError: HTTPSConnectionPool(host='push2his.eastmoney.com', port=443): Max retries exceeded with url: /api/qt/stock/kline/get?fields1=f1%2Cf2%2Cf3%2C
2026-09-02 06:17:05 [akshare/BJ] 920261.BJ  ß∞‹: ProxyError: HTTPSConnectionPool(host='push2his.eastmoney.com', port=443): Max retries exceeded with url: /api/qt/stock/kline/get?fields1=f1%2Cf2%2Cf3%2C
2026-09-02 06:17:05 [akshare/BJ] 920262.BJ  ß∞‹: ProxyError: HTTPSConnectionPool(host='push2his.eastmoney.com', port=443): Max retries exceeded with url: /api/qt/stock/kline/get?fields1=f1%2Cf2%2Cf3%2C
2026-09-02 06:17:05 [akshare/BJ] 920263.BJ  ß∞‹: ProxyError: HTTPSConnectionPool(host='push2his.eastmoney.com', port=443): Max retries exceeded with url: /api/qt/stock/kline/get?fields1=f1%2Cf2%2Cf3%2C
2026-09-02 06:17:06 [akshare/BJ] 920266.BJ  ß∞‹: ProxyError: HTTPSConnectionPool(host='push2his.eastmoney.com', port=443): Max retries exceeded with url: /api/qt/stock/kline/get?fields1=f1%2Cf2%2Cf3%2C
2026-09-02 06:17:06 [akshare/BJ] 920267.BJ  ß∞‹: ProxyError: HTTPSConnectionPool(host='push2his.eastmoney.com', port=443): Max retries exceeded with url: /api/qt/stock/kline/get?fields1=f1%2Cf2%2Cf3%2C
2026-09-02 06:17:07 [akshare/BJ] 920270.BJ  ß∞‹: ProxyError: HTTPSConnectionPool(host='push2his.eastmoney.com', port=443): Max retries exceeded with url: /api/qt/stock/kline/get?fields1=f1%2Cf2%2Cf3%2C
2026-09-02 06:17:07 [akshare/BJ] 920271.BJ  ß∞‹: ProxyError: HTTPSConnectionPool(host='push2his.eastmoney.com', port=443): Max retries exceeded with url: /api/qt/stock/kline/get?fields1=f1%2Cf2%2Cf3%2C
2026-09-02 06:17:08 [akshare/BJ] 920273.BJ  ß∞‹: ProxyError: HTTPSConnectionPool(host='push2his.eastmoney.com', port=443): Max retries exceeded with url: /api/qt/stock/kline/get?fields1=f1%2Cf2%2Cf3%2C
2026-09-02 06:17:08 [akshare/BJ] 920274.BJ  ß∞‹: ProxyError: HTTPSConnectionPool(host='push2his.eastmoney.com', port=443): Max retries exceeded with url: /api/qt/stock/kline/get?fields1=f1%2Cf2%2Cf3%2C
2026-09-02 06:17:08 [akshare/BJ] 920275.BJ  ß∞‹: ProxyError: HTTPSConnectionPool(host='push2his.eastmoney.com', port=443): Max retries exceeded with url: /api/qt/stock/kline/get?fields1=f1%2Cf2%2Cf3%2C
2026-09-02 06:17:09 [akshare/BJ] 920278.BJ  ß∞‹: ProxyError: HTTPSConnectionPool(host='push2his.eastmoney.com', port=443): Max retries exceeded with url: /api/qt/stock/kline/get?fields1=f1%2Cf2%2Cf3%2C
2026-09-02 06:17:09 [akshare/BJ] 920284.BJ  ß∞‹: ProxyError: HTTPSConnectionPool(host='push2his.eastmoney.com', port=443): Max retries exceeded with url: /api/qt/stock/kline/get?fields1=f1%2Cf2%2Cf3%2C
2026-09-02 06:17:10 [akshare/BJ] 920288.BJ  ß∞‹: ProxyError: HTTPSConnectionPool(host='push2his.eastmoney.com', port=443): Max retries exceeded with url: /api/qt/stock/kline/get?fields1=f1%2Cf2%2Cf3%2C
2026-09-02 06:17:10 [akshare/BJ] 920299.BJ  ß∞‹: ProxyError: HTTPSConnectionPool(host='push2his.eastmoney.com', port=443): Max retries exceeded with url: /api/qt/stock/kline/get?fields1=f1%2Cf2%2Cf3%2C
2026-09-02 06:17:11 [akshare/BJ] 920300.BJ  ß∞‹: ProxyError: HTTPSConnectionPool(host='push2his.eastmoney.com', port=443): Max retries exceeded with url: /api/qt/stock/kline/get?fields1=f1%2Cf2%2Cf3%2C
2026-09-02 06:17:11 [akshare/BJ] 920304.BJ  ß∞‹: ProxyError: HTTPSConnectionPool(host='push2his.eastmoney.com', port=443): Max retries exceeded with url: /api/qt/stock/kline/get?fields1=f1%2Cf2%2Cf3%2C
2026-09-02 06:17:11 [akshare/BJ] 920339.BJ  ß∞‹: ProxyError: HTTPSConnectionPool(host='push2his.eastmoney.com', port=443): Max retries exceeded with url: /api/qt/stock/kline/get?fields1=f1%2Cf2%2Cf3%2C
2026-09-02 06:17:12 [akshare/BJ] 920344.BJ  ß∞‹: ProxyError: HTTPSConnectionPool(host='push2his.eastmoney.com', port=443): Max retries exceeded with url: /api/qt/stock/kline/get?fields1=f1%2Cf2%2Cf3%2C
2026-09-02 06:17:12 [akshare/BJ] 920346.BJ  ß∞‹: ProxyError: HTTPSConnectionPool(host='push2his.eastmoney.com', port=443): Max retries exceeded with url: /api/qt/stock/kline/get?fields1=f1%2Cf2%2Cf3%2C
2026-09-02 06:17:13 [akshare/BJ] 920351.BJ  ß∞‹: ProxyError: HTTPSConnectionPool(host='push2his.eastmoney.com', port=443): Max retries exceeded with url: /api/qt/stock/kline/get?fields1=f1%2Cf2%2Cf3%2C
2026-09-02 06:17:13 [akshare/BJ] 920357.BJ  ß∞‹: ProxyError: HTTPSConnectionPool(host='push2his.eastmoney.com', port=443): Max retries exceeded with url: /api/qt/stock/kline/get?fields1=f1%2Cf2%2Cf3%2C
2026-09-02 06:17:14 [akshare/BJ] 920363.BJ  ß∞‹: ProxyError: HTTPSConnectionPool(host='push2his.eastmoney.com', port=443): Max retries exceeded with url: /api/qt/stock/kline/get?fields1=f1%2Cf2%2Cf3%2C
2026-09-02 06:17:14 [akshare/BJ] 920367.BJ  ß∞‹: ProxyError: HTTPSConnectionPool(host='push2his.eastmoney.com', port=443): Max retries exceeded with url: /api/qt/stock/kline/get?fields1=f1%2Cf2%2Cf3%2C
2026-09-02 06:17:14 [akshare/BJ] 920368.BJ  ß∞‹: ProxyError: HTTPSConnectionPool(host='push2his.eastmoney.com', port=443): Max retries exceeded with url: /api/qt/stock/kline/get?fields1=f1%2Cf2%2Cf3%2C
2026-09-02 06:17:15 [akshare/BJ] 920370.BJ  ß∞‹: ProxyError: HTTPSConnectionPool(host='push2his.eastmoney.com', port=443): Max retries exceeded with url: /api/qt/stock/kline/get?fields1=f1%2Cf2%2Cf3%2C
2026-09-02 06:17:15 [akshare/BJ] 920371.BJ  ß∞‹: ProxyError: HTTPSConnectionPool(host='push2his.eastmoney.com', port=443): Max retries exceeded with url: /api/qt/stock/kline/get?fields1=f1%2Cf2%2Cf3%2C
2026-09-02 06:17:16 [akshare/BJ] 920374.BJ  ß∞‹: ProxyError: HTTPSConnectionPool(host='push2his.eastmoney.com', port=443): Max retries exceeded with url: /api/qt/stock/kline/get?fields1=f1%2Cf2%2Cf3%2C
2026-09-02 06:17:16 [akshare/BJ] 920375.BJ  ß∞‹: ProxyError: HTTPSConnectionPool(host='push2his.eastmoney.com', port=443): Max retries exceeded with url: /api/qt/stock/kline/get?fields1=f1%2Cf2%2Cf3%2C
2026-09-02 06:17:17 [akshare/BJ] 920378.BJ  ß∞‹: ProxyError: HTTPSConnectionPool(host='push2his.eastmoney.com', port=443): Max retries exceeded with url: /api/qt/stock/kline/get?fields1=f1%2Cf2%2Cf3%2C
2026-09-02 06:17:17 [akshare/BJ] 920392.BJ  ß∞‹: ProxyError: HTTPSConnectionPool(host='push2his.eastmoney.com', port=443): Max retries exceeded with url: /api/qt/stock/kline/get?fields1=f1%2Cf2%2Cf3%2C
2026-09-02 06:17:17 [akshare/BJ] 920394.BJ  ß∞‹: ProxyError: HTTPSConnectionPool(host='push2his.eastmoney.com', port=443): Max retries exceeded with url: /api/qt/stock/kline/get?fields1=f1%2Cf2%2Cf3%2C
2026-09-02 06:17:18 [akshare/BJ] 920395.BJ  ß∞‹: ProxyError: HTTPSConnectionPool(host='push2his.eastmoney.com', port=443): Max retries exceeded with url: /api/qt/stock/kline/get?fields1=f1%2Cf2%2Cf3%2C
2026-09-02 06:17:18 [akshare/BJ] 920396.BJ  ß∞‹: ProxyError: HTTPSConnectionPool(host='push2his.eastmoney.com', port=443): Max retries exceeded with url: /api/qt/stock/kline/get?fields1=f1%2Cf2%2Cf3%2C
2026-09-02 06:17:19 [akshare/BJ] 920402.BJ  ß∞‹: ProxyError: HTTPSConnectionPool(host='push2his.eastmoney.com', port=443): Max retries exceeded with url: /api/qt/stock/kline/get?fields1=f1%2Cf2%2Cf3%2C
2026-09-02 06:17:19 [akshare/BJ] 920403.BJ  ß∞‹: ProxyError: HTTPSConnectionPool(host='push2his.eastmoney.com', port=443): Max retries exceeded with url: /api/qt/stock/kline/get?fields1=f1%2Cf2%2Cf3%2C
2026-09-02 06:17:20 [akshare/BJ] 920405.BJ  ß∞‹: ProxyError: HTTPSConnectionPool(host='push2his.eastmoney.com', port=443): Max retries exceeded with url: /api/qt/stock/kline/get?fields1=f1%2Cf2%2Cf3%2C
2026-09-02 06:17:20 [akshare/BJ] 920407.BJ  ß∞‹: ProxyError: HTTPSConnectionPool(host='push2his.eastmoney.com', port=443): Max retries exceeded with url: /api/qt/stock/kline/get?fields1=f1%2Cf2%2Cf3%2C
2026-09-02 06:17:21 [akshare/BJ] 920414.BJ  ß∞‹: ProxyError: HTTPSConnectionPool(host='push2his.eastmoney.com', port=443): Max retries exceeded with url: /api/qt/stock/kline/get?fields1=f1%2Cf2%2Cf3%2C
2026-09-02 06:17:21 [akshare/BJ] 920415.BJ  ß∞‹: ProxyError: HTTPSConnectionPool(host='push2his.eastmoney.com', port=443): Max retries exceeded with url: /api/qt/stock/kline/get?fields1=f1%2Cf2%2Cf3%2C
2026-09-02 06:17:22 [akshare/BJ] 920418.BJ  ß∞‹: ProxyError: HTTPSConnectionPool(host='push2his.eastmoney.com', port=443): Max retries exceeded with url: /api/qt/stock/kline/get?fields1=f1%2Cf2%2Cf3%2C
2026-09-02 06:17:22 [akshare/BJ] 920419.BJ  ß∞‹: ProxyError: HTTPSConnectionPool(host='push2his.eastmoney.com', port=443): Max retries exceeded with url: /api/qt/stock/kline/get?fields1=f1%2Cf2%2Cf3%2C
2026-09-02 06:17:23 [akshare/BJ] 920422.BJ  ß∞‹: ProxyError: HTTPSConnectionPool(host='push2his.eastmoney.com', port=443): Max retries exceeded with url: /api/qt/stock/kline/get?fields1=f1%2Cf2%2Cf3%2C
2026-09-02 06:17:23 [akshare/BJ] 920425.BJ  ß∞‹: ProxyError: HTTPSConnectionPool(host='push2his.eastmoney.com', port=443): Max retries exceeded with url: /api/qt/stock/kline/get?fields1=f1%2Cf2%2Cf3%2C
2026-09-02 06:17:23 [akshare/BJ] 920427.BJ  ß∞‹: ProxyError: HTTPSConnectionPool(host='push2his.eastmoney.com', port=443): Max retries exceeded with url: /api/qt/stock/kline/get?fields1=f1%2Cf2%2Cf3%2C
2026-09-02 06:17:24 [akshare/BJ] 920429.BJ  ß∞‹: ProxyError: HTTPSConnectionPool(host='push2his.eastmoney.com', port=443): Max retries exceeded with url: /api/qt/stock/kline/get?fields1=f1%2Cf2%2Cf3%2C
2026-09-02 06:17:24 [akshare/BJ] 920433.BJ  ß∞‹: ProxyError: HTTPSConnectionPool(host='push2his.eastmoney.com', port=443): Max retries exceeded with url: /api/qt/stock/kline/get?fields1=f1%2Cf2%2Cf3%2C
2026-09-02 06:17:25 [akshare/BJ] 920436.BJ  ß∞‹: ProxyError: HTTPSConnectionPool(host='push2his.eastmoney.com', port=443): Max retries exceeded with url: /api/qt/stock/kline/get?fields1=f1%2Cf2%2Cf3%2C
2026-09-02 06:17:26 [akshare/BJ] 920438.BJ  ß∞‹: ProxyError: HTTPSConnectionPool(host='push2his.eastmoney.com', port=443): Max retries exceeded with url: /api/qt/stock/kline/get?fields1=f1%2Cf2%2Cf3%2C
2026-09-02 06:17:26 [akshare/BJ] 920445.BJ  ß∞‹: ProxyError: HTTPSConnectionPool(host='push2his.eastmoney.com', port=443): Max retries exceeded with url: /api/qt/stock/kline/get?fields1=f1%2Cf2%2Cf3%2C
2026-09-02 06:17:26 [akshare/BJ] 920454.BJ  ß∞‹: ProxyError: HTTPSConnectionPool(host='push2his.eastmoney.com', port=443): Max retries exceeded with url: /api/qt/stock/kline/get?fields1=f1%2Cf2%2Cf3%2C
2026-09-02 06:17:27 [akshare/BJ] 920455.BJ  ß∞‹: ProxyError: HTTPSConnectionPool(host='push2his.eastmoney.com', port=443): Max retries exceeded with url: /api/qt/stock/kline/get?fields1=f1%2Cf2%2Cf3%2C
2026-09-02 06:17:27 [akshare/BJ] 920469.BJ  ß∞‹: ProxyError: HTTPSConnectionPool(host='push2his.eastmoney.com', port=443): Max retries exceeded with url: /api/qt/stock/kline/get?fields1=f1%2Cf2%2Cf3%2C
2026-09-02 06:17:28 [akshare/BJ] 920471.BJ  ß∞‹: ProxyError: HTTPSConnectionPool(host='push2his.eastmoney.com', port=443): Max retries exceeded with url: /api/qt/stock/kline/get?fields1=f1%2Cf2%2Cf3%2C
2026-09-02 06:17:28 [akshare/BJ] 920475.BJ  ß∞‹: ProxyError: HTTPSConnectionPool(host='push2his.eastmoney.com', port=443): Max retries exceeded with url: /api/qt/stock/kline/get?fields1=f1%2Cf2%2Cf3%2C
2026-09-02 06:17:29 [akshare/BJ] 920476.BJ  ß∞‹: ProxyError: HTTPSConnectionPool(host='push2his.eastmoney.com', port=443): Max retries exceeded with url: /api/qt/stock/kline/get?fields1=f1%2Cf2%2Cf3%2C
2026-09-02 06:17:29 [akshare/BJ] 920478.BJ  ß∞‹: ProxyError: HTTPSConnectionPool(host='push2his.eastmoney.com', port=443): Max retries exceeded with url: /api/qt/stock/kline/get?fields1=f1%2Cf2%2Cf3%2C
2026-09-02 06:17:30 [akshare/BJ] 920489.BJ  ß∞‹: ProxyError: HTTPSConnectionPool(host='push2his.eastmoney.com', port=443): Max retries exceeded with url: /api/qt/stock/kline/get?fields1=f1%2Cf2%2Cf3%2C
2026-09-02 06:17:30 [akshare/BJ] 920491.BJ  ß∞‹: ProxyError: HTTPSConnectionPool(host='push2his.eastmoney.com', port=443): Max retries exceeded with url: /api/qt/stock/kline/get?fields1=f1%2Cf2%2Cf3%2C
2026-09-02 06:17:30 [akshare/BJ] 920493.BJ  ß∞‹: ProxyError: HTTPSConnectionPool(host='push2his.eastmoney.com', port=443): Max retries exceeded with url: /api/qt/stock/kline/get?fields1=f1%2Cf2%2Cf3%2C
2026-09-02 06:17:31 [akshare/BJ] 920496.BJ  ß∞‹: ProxyError: HTTPSConnectionPool(host='push2his.eastmoney.com', port=443): Max retries exceeded with url: /api/qt/stock/kline/get?fields1=f1%2Cf2%2Cf3%2C
2026-09-02 06:17:31 [akshare/BJ] 920504.BJ  ß∞‹: ProxyError: HTTPSConnectionPool(host='push2his.eastmoney.com', port=443): Max retries exceeded with url: /api/qt/stock/kline/get?fields1=f1%2Cf2%2Cf3%2C
2026-09-02 06:17:32 [akshare/BJ] 920505.BJ  ß∞‹: ProxyError: HTTPSConnectionPool(host='push2his.eastmoney.com', port=443): Max retries exceeded with url: /api/qt/stock/kline/get?fields1=f1%2Cf2%2Cf3%2C
2026-09-02 06:17:32 [akshare/BJ] 920508.BJ  ß∞‹: ProxyError: HTTPSConnectionPool(host='push2his.eastmoney.com', port=443): Max retries exceeded with url: /api/qt/stock/kline/get?fields1=f1%2Cf2%2Cf3%2C
2026-09-02 06:17:33 [akshare/BJ] 920509.BJ  ß∞‹: ProxyError: HTTPSConnectionPool(host='push2his.eastmoney.com', port=443): Max retries exceeded with url: /api/qt/stock/kline/get?fields1=f1%2Cf2%2Cf3%2C
2026-09-02 06:17:33 [akshare/BJ] 920510.BJ  ß∞‹: ProxyError: HTTPSConnectionPool(host='push2his.eastmoney.com', port=443): Max retries exceeded with url: /api/qt/stock/kline/get?fields1=f1%2Cf2%2Cf3%2C
2026-09-02 06:17:33 [akshare/BJ] 920519.BJ  ß∞‹: ProxyError: HTTPSConnectionPool(host='push2his.eastmoney.com', port=443): Max retries exceeded with url: /api/qt/stock/kline/get?fields1=f1%2Cf2%2Cf3%2C
2026-09-02 06:17:34 [akshare/BJ] 920522.BJ  ß∞‹: ProxyError: HTTPSConnectionPool(host='push2his.eastmoney.com', port=443): Max retries exceeded with url: /api/qt/stock/kline/get?fields1=f1%2Cf2%2Cf3%2C
2026-09-02 06:17:34 [akshare/BJ] 920523.BJ  ß∞‹: ProxyError: HTTPSConnectionPool(host='push2his.eastmoney.com', port=443): Max retries exceeded with url: /api/qt/stock/kline/get?fields1=f1%2Cf2%2Cf3%2C
2026-09-02 06:17:35 [akshare/BJ] 920526.BJ  ß∞‹: ProxyError: HTTPSConnectionPool(host='push2his.eastmoney.com', port=443): Max retries exceeded with url: /api/qt/stock/kline/get?fields1=f1%2Cf2%2Cf3%2C
2026-09-02 06:17:35 [akshare/BJ] 920527.BJ  ß∞‹: ProxyError: HTTPSConnectionPool(host='push2his.eastmoney.com', port=443): Max retries exceeded with url: /api/qt/stock/kline/get?fields1=f1%2Cf2%2Cf3%2C
2026-09-02 06:17:36 [akshare/BJ] 920533.BJ  ß∞‹: ProxyError: HTTPSConnectionPool(host='push2his.eastmoney.com', port=443): Max retries exceeded with url: /api/qt/stock/kline/get?fields1=f1%2Cf2%2Cf3%2C
2026-09-02 06:17:36 [akshare/BJ] 920541.BJ  ß∞‹: ProxyError: HTTPSConnectionPool(host='push2his.eastmoney.com', port=443): Max retries exceeded with url: /api/qt/stock/kline/get?fields1=f1%2Cf2%2Cf3%2C
2026-09-02 06:17:36 [akshare/BJ] 920547.BJ  ß∞‹: ProxyError: HTTPSConnectionPool(host='push2his.eastmoney.com', port=443): Max retries exceeded with url: /api/qt/stock/kline/get?fields1=f1%2Cf2%2Cf3%2C
2026-09-02 06:17:37 [akshare/BJ] 920553.BJ  ß∞‹: ProxyError: HTTPSConnectionPool(host='push2his.eastmoney.com', port=443): Max retries exceeded with url: /api/qt/stock/kline/get?fields1=f1%2Cf2%2Cf3%2C
2026-09-02 06:17:37 [akshare/BJ] 920556.BJ  ß∞‹: ProxyError: HTTPSConnectionPool(host='push2his.eastmoney.com', port=443): Max retries exceeded with url: /api/qt/stock/kline/get?fields1=f1%2Cf2%2Cf3%2C
2026-09-02 06:17:38 [akshare/BJ] 920564.BJ  ß∞‹: ProxyError: HTTPSConnectionPool(host='push2his.eastmoney.com', port=443): Max retries exceeded with url: /api/qt/stock/kline/get?fields1=f1%2Cf2%2Cf3%2C
2026-09-02 06:17:38 [akshare/BJ] 920566.BJ  ß∞‹: ProxyError: HTTPSConnectionPool(host='push2his.eastmoney.com', port=443): Max retries exceeded with url: /api/qt/stock/kline/get?fields1=f1%2Cf2%2Cf3%2C
2026-09-02 06:17:39 [akshare/BJ] 920570.BJ  ß∞‹: ProxyError: HTTPSConnectionPool(host='push2his.eastmoney.com', port=443): Max retries exceeded with url: /api/qt/stock/kline/get?fields1=f1%2Cf2%2Cf3%2C
2026-09-02 06:17:39 [akshare/BJ] 920571.BJ  ß∞‹: ProxyError: HTTPSConnectionPool(host='push2his.eastmoney.com', port=443): Max retries exceeded with url: /api/qt/stock/kline/get?fields1=f1%2Cf2%2Cf3%2C
2026-09-02 06:17:40 [akshare/BJ] 920575.BJ  ß∞‹: ProxyError: HTTPSConnectionPool(host='push2his.eastmoney.com', port=443): Max retries exceeded with url: /api/qt/stock/kline/get?fields1=f1%2Cf2%2Cf3%2C
2026-09-02 06:17:40 [akshare/BJ] 920576.BJ  ß∞‹: ProxyError: HTTPSConnectionPool(host='push2his.eastmoney.com', port=443): Max retries exceeded with url: /api/qt/stock/kline/get?fields1=f1%2Cf2%2Cf3%2C
2026-09-02 06:17:40 [akshare/BJ] 920578.BJ  ß∞‹: ProxyError: HTTPSConnectionPool(host='push2his.eastmoney.com', port=443): Max retries exceeded with url: /api/qt/stock/kline/get?fields1=f1%2Cf2%2Cf3%2C
2026-09-02 06:17:41 [akshare/BJ] 920579.BJ  ß∞‹: ProxyError: HTTPSConnectionPool(host='push2his.eastmoney.com', port=443): Max retries exceeded with url: /api/qt/stock/kline/get?fields1=f1%2Cf2%2Cf3%2C
2026-09-02 06:17:41 [akshare/BJ] 920580.BJ  ß∞‹: ProxyError: HTTPSConnectionPool(host='push2his.eastmoney.com', port=443): Max retries exceeded with url: /api/qt/stock/kline/get?fields1=f1%2Cf2%2Cf3%2C
2026-09-02 06:17:42 [akshare/BJ] 920592.BJ  ß∞‹: ProxyError: HTTPSConnectionPool(host='push2his.eastmoney.com', port=443): Max retries exceeded with url: /api/qt/stock/kline/get?fields1=f1%2Cf2%2Cf3%2C
2026-09-02 06:17:42 [akshare/BJ] 920593.BJ  ß∞‹: ProxyError: HTTPSConnectionPool(host='push2his.eastmoney.com', port=443): Max retries exceeded with url: /api/qt/stock/kline/get?fields1=f1%2Cf2%2Cf3%2C
2026-09-02 06:17:43 [akshare/BJ] 920599.BJ  ß∞‹: ProxyError: HTTPSConnectionPool(host='push2his.eastmoney.com', port=443): Max retries exceeded with url: /api/qt/stock/kline/get?fields1=f1%2Cf2%2Cf3%2C
2026-09-02 06:17:43 [akshare/BJ] 920608.BJ  ß∞‹: ProxyError: HTTPSConnectionPool(host='push2his.eastmoney.com', port=443): Max retries exceeded with url: /api/qt/stock/kline/get?fields1=f1%2Cf2%2Cf3%2C
2026-09-02 06:17:43 [akshare/BJ] 920627.BJ  ß∞‹: ProxyError: HTTPSConnectionPool(host='push2his.eastmoney.com', port=443): Max retries exceeded with url: /api/qt/stock/kline/get?fields1=f1%2Cf2%2Cf3%2C
2026-09-02 06:17:44 [akshare/BJ] 920634.BJ  ß∞‹: ProxyError: HTTPSConnectionPool(host='push2his.eastmoney.com', port=443): Max retries exceeded with url: /api/qt/stock/kline/get?fields1=f1%2Cf2%2Cf3%2C
2026-09-02 06:17:44 [akshare/BJ] 920639.BJ  ß∞‹: ProxyError: HTTPSConnectionPool(host='push2his.eastmoney.com', port=443): Max retries exceeded with url: /api/qt/stock/kline/get?fields1=f1%2Cf2%2Cf3%2C
2026-09-02 06:17:45 [akshare/BJ] 920640.BJ  ß∞‹: ProxyError: HTTPSConnectionPool(host='push2his.eastmoney.com', port=443): Max retries exceeded with url: /api/qt/stock/kline/get?fields1=f1%2Cf2%2Cf3%2C
2026-09-02 06:17:45 [akshare/BJ] 920641.BJ  ß∞‹: ProxyError: HTTPSConnectionPool(host='push2his.eastmoney.com', port=443): Max retries exceeded with url: /api/qt/stock/kline/get?fields1=f1%2Cf2%2Cf3%2C
2026-09-02 06:17:46 [akshare/BJ] 920642.BJ  ß∞‹: ProxyError: HTTPSConnectionPool(host='push2his.eastmoney.com', port=443): Max retries exceeded with url: /api/qt/stock/kline/get?fields1=f1%2Cf2%2Cf3%2C
2026-09-02 06:17:46 [akshare/BJ] 920651.BJ  ß∞‹: ProxyError: HTTPSConnectionPool(host='push2his.eastmoney.com', port=443): Max retries exceeded with url: /api/qt/stock/kline/get?fields1=f1%2Cf2%2Cf3%2C
2026-09-02 06:17:46 [akshare/BJ] 920656.BJ  ß∞‹: ProxyError: HTTPSConnectionPool(host='push2his.eastmoney.com', port=443): Max retries exceeded with url: /api/qt/stock/kline/get?fields1=f1%2Cf2%2Cf3%2C
2026-09-02 06:17:47 [akshare/BJ] 920662.BJ  ß∞‹: ProxyError: HTTPSConnectionPool(host='push2his.eastmoney.com', port=443): Max retries exceeded with url: /api/qt/stock/kline/get?fields1=f1%2Cf2%2Cf3%2C
2026-09-02 06:17:47 [akshare/BJ] 920663.BJ  ß∞‹: ProxyError: HTTPSConnectionPool(host='push2his.eastmoney.com', port=443): Max retries exceeded with url: /api/qt/stock/kline/get?fields1=f1%2Cf2%2Cf3%2C
2026-09-02 06:17:48 [akshare/BJ] 920665.BJ  ß∞‹: ProxyError: HTTPSConnectionPool(host='push2his.eastmoney.com', port=443): Max retries exceeded with url: /api/qt/stock/kline/get?fields1=f1%2Cf2%2Cf3%2C
2026-09-02 06:17:48 [akshare/BJ] 920670.BJ  ß∞‹: ProxyError: HTTPSConnectionPool(host='push2his.eastmoney.com', port=443): Max retries exceeded with url: /api/qt/stock/kline/get?fields1=f1%2Cf2%2Cf3%2C
2026-09-02 06:17:49 [akshare/BJ] 920675.BJ  ß∞‹: ProxyError: HTTPSConnectionPool(host='push2his.eastmoney.com', port=443): Max retries exceeded with url: /api/qt/stock/kline/get?fields1=f1%2Cf2%2Cf3%2C
2026-09-02 06:17:49 [akshare/BJ] 920679.BJ  ß∞‹: ProxyError: HTTPSConnectionPool(host='push2his.eastmoney.com', port=443): Max retries exceeded with url: /api/qt/stock/kline/get?fields1=f1%2Cf2%2Cf3%2C
2026-09-02 06:17:49 [akshare/BJ] 920682.BJ  ß∞‹: ProxyError: HTTPSConnectionPool(host='push2his.eastmoney.com', port=443): Max retries exceeded with url: /api/qt/stock/kline/get?fields1=f1%2Cf2%2Cf3%2C
2026-09-02 06:17:50 [akshare/BJ] 920685.BJ  ß∞‹: ProxyError: HTTPSConnectionPool(host='push2his.eastmoney.com', port=443): Max retries exceeded with url: /api/qt/stock/kline/get?fields1=f1%2Cf2%2Cf3%2C
2026-09-02 06:17:50 [akshare/BJ] 920689.BJ  ß∞‹: ProxyError: HTTPSConnectionPool(host='push2his.eastmoney.com', port=443): Max retries exceeded with url: /api/qt/stock/kline/get?fields1=f1%2Cf2%2Cf3%2C
2026-09-02 06:17:51 [akshare/BJ] 920690.BJ  ß∞‹: ProxyError: HTTPSConnectionPool(host='push2his.eastmoney.com', port=443): Max retries exceeded with url: /api/qt/stock/kline/get?fields1=f1%2Cf2%2Cf3%2C
2026-09-02 06:17:51 [akshare/BJ] 920693.BJ  ß∞‹: ProxyError: HTTPSConnectionPool(host='push2his.eastmoney.com', port=443): Max retries exceeded with url: /api/qt/stock/kline/get?fields1=f1%2Cf2%2Cf3%2C
2026-09-02 06:17:52 [akshare/BJ] 920694.BJ  ß∞‹: ProxyError: HTTPSConnectionPool(host='push2his.eastmoney.com', port=443): Max retries exceeded with url: /api/qt/stock/kline/get?fields1=f1%2Cf2%2Cf3%2C
2026-09-02 06:17:52 [akshare/BJ] 920699.BJ  ß∞‹: ProxyError: HTTPSConnectionPool(host='push2his.eastmoney.com', port=443): Max retries exceeded with url: /api/qt/stock/kline/get?fields1=f1%2Cf2%2Cf3%2C
2026-09-02 06:17:52 [akshare/BJ] 920701.BJ  ß∞‹: ProxyError: HTTPSConnectionPool(host='push2his.eastmoney.com', port=443): Max retries exceeded with url: /api/qt/stock/kline/get?fields1=f1%2Cf2%2Cf3%2C
2026-09-02 06:17:53 [akshare/BJ] 920703.BJ  ß∞‹: ProxyError: HTTPSConnectionPool(host='push2his.eastmoney.com', port=443): Max retries exceeded with url: /api/qt/stock/kline/get?fields1=f1%2Cf2%2Cf3%2C
2026-09-02 06:17:53 [akshare/BJ] 920706.BJ  ß∞‹: ProxyError: HTTPSConnectionPool(host='push2his.eastmoney.com', port=443): Max retries exceeded with url: /api/qt/stock/kline/get?fields1=f1%2Cf2%2Cf3%2C
2026-09-02 06:17:54 [akshare/BJ] 920717.BJ  ß∞‹: ProxyError: HTTPSConnectionPool(host='push2his.eastmoney.com', port=443): Max retries exceeded with url: /api/qt/stock/kline/get?fields1=f1%2Cf2%2Cf3%2C
2026-09-02 06:17:54 [akshare/BJ] 920718.BJ  ß∞‹: ProxyError: HTTPSConnectionPool(host='push2his.eastmoney.com', port=443): Max retries exceeded with url: /api/qt/stock/kline/get?fields1=f1%2Cf2%2Cf3%2C
2026-09-02 06:17:55 [akshare/BJ] 920719.BJ  ß∞‹: ProxyError: HTTPSConnectionPool(host='push2his.eastmoney.com', port=443): Max retries exceeded with url: /api/qt/stock/kline/get?fields1=f1%2Cf2%2Cf3%2C
2026-09-02 06:17:55 [akshare/BJ] 920720.BJ  ß∞‹: ProxyError: HTTPSConnectionPool(host='push2his.eastmoney.com', port=443): Max retries exceeded with url: /api/qt/stock/kline/get?fields1=f1%2Cf2%2Cf3%2C
2026-09-02 06:17:56 [akshare/BJ] 920725.BJ  ß∞‹: ProxyError: HTTPSConnectionPool(host='push2his.eastmoney.com', port=443): Max retries exceeded with url: /api/qt/stock/kline/get?fields1=f1%2Cf2%2Cf3%2C
2026-09-02 06:17:56 [akshare/BJ] 920726.BJ  ß∞‹: ProxyError: HTTPSConnectionPool(host='push2his.eastmoney.com', port=443): Max retries exceeded with url: /api/qt/stock/kline/get?fields1=f1%2Cf2%2Cf3%2C
2026-09-02 06:17:57 [akshare/BJ] 920729.BJ  ß∞‹: ProxyError: HTTPSConnectionPool(host='push2his.eastmoney.com', port=443): Max retries exceeded with url: /api/qt/stock/kline/get?fields1=f1%2Cf2%2Cf3%2C
2026-09-02 06:17:57 [akshare/BJ] 920735.BJ  ß∞‹: ProxyError: HTTPSConnectionPool(host='push2his.eastmoney.com', port=443): Max retries exceeded with url: /api/qt/stock/kline/get?fields1=f1%2Cf2%2Cf3%2C
2026-09-02 06:17:57 [akshare/BJ] 920748.BJ  ß∞‹: ProxyError: HTTPSConnectionPool(host='push2his.eastmoney.com', port=443): Max retries exceeded with url: /api/qt/stock/kline/get?fields1=f1%2Cf2%2Cf3%2C
2026-09-02 06:17:58 [akshare/BJ] 920751.BJ  ß∞‹: ProxyError: HTTPSConnectionPool(host='push2his.eastmoney.com', port=443): Max retries exceeded with url: /api/qt/stock/kline/get?fields1=f1%2Cf2%2Cf3%2C
2026-09-02 06:17:58 [akshare/BJ] 920753.BJ  ß∞‹: ProxyError: HTTPSConnectionPool(host='push2his.eastmoney.com', port=443): Max retries exceeded with url: /api/qt/stock/kline/get?fields1=f1%2Cf2%2Cf3%2C
2026-09-02 06:17:59 [akshare/BJ] 920765.BJ  ß∞‹: ProxyError: HTTPSConnectionPool(host='push2his.eastmoney.com', port=443): Max retries exceeded with url: /api/qt/stock/kline/get?fields1=f1%2Cf2%2Cf3%2C
2026-09-02 06:17:59 [akshare/BJ] 920768.BJ  ß∞‹: ProxyError: HTTPSConnectionPool(host='push2his.eastmoney.com', port=443): Max retries exceeded with url: /api/qt/stock/kline/get?fields1=f1%2Cf2%2Cf3%2C
2026-09-02 06:18:00 [akshare/BJ] 920770.BJ  ß∞‹: ProxyError: HTTPSConnectionPool(host='push2his.eastmoney.com', port=443): Max retries exceeded with url: /api/qt/stock/kline/get?fields1=f1%2Cf2%2Cf3%2C
2026-09-02 06:18:00 [akshare/BJ] 920779.BJ  ß∞‹: ProxyError: HTTPSConnectionPool(host='push2his.eastmoney.com', port=443): Max retries exceeded with url: /api/qt/stock/kline/get?fields1=f1%2Cf2%2Cf3%2C
2026-09-02 06:18:00 [akshare/BJ] 920781.BJ  ß∞‹: ProxyError: HTTPSConnectionPool(host='push2his.eastmoney.com', port=443): Max retries exceeded with url: /api/qt/stock/kline/get?fields1=f1%2Cf2%2Cf3%2C
2026-09-02 06:18:01 [akshare/BJ] 920786.BJ  ß∞‹: ProxyError: HTTPSConnectionPool(host='push2his.eastmoney.com', port=443): Max retries exceeded with url: /api/qt/stock/kline/get?fields1=f1%2Cf2%2Cf3%2C
2026-09-02 06:18:01 [akshare/BJ] 920790.BJ  ß∞‹: ProxyError: HTTPSConnectionPool(host='push2his.eastmoney.com', port=443): Max retries exceeded with url: /api/qt/stock/kline/get?fields1=f1%2Cf2%2Cf3%2C
2026-09-02 06:18:02 [akshare/BJ] 920792.BJ  ß∞‹: ProxyError: HTTPSConnectionPool(host='push2his.eastmoney.com', port=443): Max retries exceeded with url: /api/qt/stock/kline/get?fields1=f1%2Cf2%2Cf3%2C
2026-09-02 06:18:02 [akshare/BJ] 920799.BJ  ß∞‹: ProxyError: HTTPSConnectionPool(host='push2his.eastmoney.com', port=443): Max retries exceeded with url: /api/qt/stock/kline/get?fields1=f1%2Cf2%2Cf3%2C
2026-09-02 06:18:03 [akshare/BJ] 920802.BJ  ß∞‹: ProxyError: HTTPSConnectionPool(host='push2his.eastmoney.com', port=443): Max retries exceeded with url: /api/qt/stock/kline/get?fields1=f1%2Cf2%2Cf3%2C
2026-09-02 06:18:03 [akshare/BJ] 920806.BJ  ß∞‹: ProxyError: HTTPSConnectionPool(host='push2his.eastmoney.com', port=443): Max retries exceeded with url: /api/qt/stock/kline/get?fields1=f1%2Cf2%2Cf3%2C
2026-09-02 06:18:03 [akshare/BJ] 920807.BJ  ß∞‹: ProxyError: HTTPSConnectionPool(host='push2his.eastmoney.com', port=443): Max retries exceeded with url: /api/qt/stock/kline/get?fields1=f1%2Cf2%2Cf3%2C
2026-09-02 06:18:04 [akshare/BJ] 920808.BJ  ß∞‹: ProxyError: HTTPSConnectionPool(host='push2his.eastmoney.com', port=443): Max retries exceeded with url: /api/qt/stock/kline/get?fields1=f1%2Cf2%2Cf3%2C
2026-09-02 06:18:04 [akshare/BJ] 920809.BJ  ß∞‹: ProxyError: HTTPSConnectionPool(host='push2his.eastmoney.com', port=443): Max retries exceeded with url: /api/qt/stock/kline/get?fields1=f1%2Cf2%2Cf3%2C
2026-09-02 06:18:05 [akshare/BJ] 920810.BJ  ß∞‹: ProxyError: HTTPSConnectionPool(host='push2his.eastmoney.com', port=443): Max retries exceeded with url: /api/qt/stock/kline/get?fields1=f1%2Cf2%2Cf3%2C
2026-09-02 06:18:05 [akshare/BJ] 920819.BJ  ß∞‹: ProxyError: HTTPSConnectionPool(host='push2his.eastmoney.com', port=443): Max retries exceeded with url: /api/qt/stock/kline/get?fields1=f1%2Cf2%2Cf3%2C
2026-09-02 06:18:06 [akshare/BJ] 920821.BJ  ß∞‹: ProxyError: HTTPSConnectionPool(host='push2his.eastmoney.com', port=443): Max retries exceeded with url: /api/qt/stock/kline/get?fields1=f1%2Cf2%2Cf3%2C
2026-09-02 06:18:06 [akshare/BJ] 920826.BJ  ß∞‹: ProxyError: HTTPSConnectionPool(host='push2his.eastmoney.com', port=443): Max retries exceeded with url: /api/qt/stock/kline/get?fields1=f1%2Cf2%2Cf3%2C
2026-09-02 06:18:07 [akshare/BJ] 920832.BJ  ß∞‹: ProxyError: HTTPSConnectionPool(host='push2his.eastmoney.com', port=443): Max retries exceeded with url: /api/qt/stock/kline/get?fields1=f1%2Cf2%2Cf3%2C
2026-09-02 06:18:07 [akshare/BJ] 920833.BJ  ß∞‹: ProxyError: HTTPSConnectionPool(host='push2his.eastmoney.com', port=443): Max retries exceeded with url: /api/qt/stock/kline/get?fields1=f1%2Cf2%2Cf3%2C
2026-09-02 06:18:08 [akshare/BJ] 920834.BJ  ß∞‹: ProxyError: HTTPSConnectionPool(host='push2his.eastmoney.com', port=443): Max retries exceeded with url: /api/qt/stock/kline/get?fields1=f1%2Cf2%2Cf3%2C
2026-09-02 06:18:08 [akshare/BJ] 920837.BJ  ß∞‹: ProxyError: HTTPSConnectionPool(host='push2his.eastmoney.com', port=443): Max retries exceeded with url: /api/qt/stock/kline/get?fields1=f1%2Cf2%2Cf3%2C
2026-09-02 06:18:08 [akshare/BJ] 920839.BJ  ß∞‹: ProxyError: HTTPSConnectionPool(host='push2his.eastmoney.com', port=443): Max retries exceeded with url: /api/qt/stock/kline/get?fields1=f1%2Cf2%2Cf3%2C
2026-09-02 06:18:09 [akshare/BJ] 920855.BJ  ß∞‹: ProxyError: HTTPSConnectionPool(host='push2his.eastmoney.com', port=443): Max retries exceeded with url: /api/qt/stock/kline/get?fields1=f1%2Cf2%2Cf3%2C
2026-09-02 06:18:09 [akshare/BJ] 920856.BJ  ß∞‹: ProxyError: HTTPSConnectionPool(host='push2his.eastmoney.com', port=443): Max retries exceeded with url: /api/qt/stock/kline/get?fields1=f1%2Cf2%2Cf3%2C
2026-09-02 06:18:10 [akshare/BJ] 920857.BJ  ß∞‹: ProxyError: HTTPSConnectionPool(host='push2his.eastmoney.com', port=443): Max retries exceeded with url: /api/qt/stock/kline/get?fields1=f1%2Cf2%2Cf3%2C
2026-09-02 06:18:10 [akshare/BJ] 920866.BJ  ß∞‹: ProxyError: HTTPSConnectionPool(host='push2his.eastmoney.com', port=443): Max retries exceeded with url: /api/qt/stock/kline/get?fields1=f1%2Cf2%2Cf3%2C
2026-09-02 06:18:11 [akshare/BJ] 920870.BJ  ß∞‹: ProxyError: HTTPSConnectionPool(host='push2his.eastmoney.com', port=443): Max retries exceeded with url: /api/qt/stock/kline/get?fields1=f1%2Cf2%2Cf3%2C
2026-09-02 06:18:11 [akshare/BJ] 920871.BJ  ß∞‹: ProxyError: HTTPSConnectionPool(host='push2his.eastmoney.com', port=443): Max retries exceeded with url: /api/qt/stock/kline/get?fields1=f1%2Cf2%2Cf3%2C
2026-09-02 06:18:12 [akshare/BJ] 920873.BJ  ß∞‹: ProxyError: HTTPSConnectionPool(host='push2his.eastmoney.com', port=443): Max retries exceeded with url: /api/qt/stock/kline/get?fields1=f1%2Cf2%2Cf3%2C
2026-09-02 06:18:12 [akshare/BJ] 920876.BJ  ß∞‹: ProxyError: HTTPSConnectionPool(host='push2his.eastmoney.com', port=443): Max retries exceeded with url: /api/qt/stock/kline/get?fields1=f1%2Cf2%2Cf3%2C
2026-09-02 06:18:12 [akshare/BJ] 920879.BJ  ß∞‹: ProxyError: HTTPSConnectionPool(host='push2his.eastmoney.com', port=443): Max retries exceeded with url: /api/qt/stock/kline/get?fields1=f1%2Cf2%2Cf3%2C
2026-09-02 06:18:13 [akshare/BJ] 920885.BJ  ß∞‹: ProxyError: HTTPSConnectionPool(host='push2his.eastmoney.com', port=443): Max retries exceeded with url: /api/qt/stock/kline/get?fields1=f1%2Cf2%2Cf3%2C
2026-09-02 06:18:13 [akshare/BJ] 920892.BJ  ß∞‹: ProxyError: HTTPSConnectionPool(host='push2his.eastmoney.com', port=443): Max retries exceeded with url: /api/qt/stock/kline/get?fields1=f1%2Cf2%2Cf3%2C
2026-09-02 06:18:14 [akshare/BJ] 920895.BJ  ß∞‹: ProxyError: HTTPSConnectionPool(host='push2his.eastmoney.com', port=443): Max retries exceeded with url: /api/qt/stock/kline/get?fields1=f1%2Cf2%2Cf3%2C
2026-09-02 06:18:14 [akshare/BJ] 920896.BJ  ß∞‹: ProxyError: HTTPSConnectionPool(host='push2his.eastmoney.com', port=443): Max retries exceeded with url: /api/qt/stock/kline/get?fields1=f1%2Cf2%2Cf3%2C
2026-09-02 06:18:15 [akshare/BJ] 920906.BJ  ß∞‹: ProxyError: HTTPSConnectionPool(host='push2his.eastmoney.com', port=443): Max retries exceeded with url: /api/qt/stock/kline/get?fields1=f1%2Cf2%2Cf3%2C
2026-09-02 06:18:15 [akshare/BJ] 920914.BJ  ß∞‹: ProxyError: HTTPSConnectionPool(host='push2his.eastmoney.com', port=443): Max retries exceeded with url: /api/qt/stock/kline/get?fields1=f1%2Cf2%2Cf3%2C
2026-09-02 06:18:15 [akshare/BJ] 920924.BJ  ß∞‹: ProxyError: HTTPSConnectionPool(host='push2his.eastmoney.com', port=443): Max retries exceeded with url: /api/qt/stock/kline/get?fields1=f1%2Cf2%2Cf3%2C
2026-09-02 06:18:16 [akshare/BJ] 920925.BJ  ß∞‹: ProxyError: HTTPSConnectionPool(host='push2his.eastmoney.com', port=443): Max retries exceeded with url: /api/qt/stock/kline/get?fields1=f1%2Cf2%2Cf3%2C
2026-09-02 06:18:16 [akshare/BJ] 920926.BJ  ß∞‹: ProxyError: HTTPSConnectionPool(host='push2his.eastmoney.com', port=443): Max retries exceeded with url: /api/qt/stock/kline/get?fields1=f1%2Cf2%2Cf3%2C
2026-09-02 06:18:17 [akshare/BJ] 920931.BJ  ß∞‹: ProxyError: HTTPSConnectionPool(host='push2his.eastmoney.com', port=443): Max retries exceeded with url: /api/qt/stock/kline/get?fields1=f1%2Cf2%2Cf3%2C
2026-09-02 06:18:17 [akshare/BJ] 920932.BJ  ß∞‹: ProxyError: HTTPSConnectionPool(host='push2his.eastmoney.com', port=443): Max retries exceeded with url: /api/qt/stock/kline/get?fields1=f1%2Cf2%2Cf3%2C
2026-09-02 06:18:18 [akshare/BJ] 920942.BJ  ß∞‹: ProxyError: HTTPSConnectionPool(host='push2his.eastmoney.com', port=443): Max retries exceeded with url: /api/qt/stock/kline/get?fields1=f1%2Cf2%2Cf3%2C
2026-09-02 06:18:18 [akshare/BJ] 920943.BJ  ß∞‹: ProxyError: HTTPSConnectionPool(host='push2his.eastmoney.com', port=443): Max retries exceeded with url: /api/qt/stock/kline/get?fields1=f1%2Cf2%2Cf3%2C
2026-09-02 06:18:18 [akshare/BJ] 920946.BJ  ß∞‹: ProxyError: HTTPSConnectionPool(host='push2his.eastmoney.com', port=443): Max retries exceeded with url: /api/qt/stock/kline/get?fields1=f1%2Cf2%2Cf3%2C
2026-09-02 06:18:19 [akshare/BJ] 920950.BJ  ß∞‹: ProxyError: HTTPSConnectionPool(host='push2his.eastmoney.com', port=443): Max retries exceeded with url: /api/qt/stock/kline/get?fields1=f1%2Cf2%2Cf3%2C
2026-09-02 06:18:19 [akshare/BJ] 920953.BJ  ß∞‹: ProxyError: HTTPSConnectionPool(host='push2his.eastmoney.com', port=443): Max retries exceeded with url: /api/qt/stock/kline/get?fields1=f1%2Cf2%2Cf3%2C
2026-09-02 06:18:20 [akshare/BJ] 920957.BJ  ß∞‹: ProxyError: HTTPSConnectionPool(host='push2his.eastmoney.com', port=443): Max retries exceeded with url: /api/qt/stock/kline/get?fields1=f1%2Cf2%2Cf3%2C
2026-09-02 06:18:20 [akshare/BJ] 920961.BJ  ß∞‹: ProxyError: HTTPSConnectionPool(host='push2his.eastmoney.com', port=443): Max retries exceeded with url: /api/qt/stock/kline/get?fields1=f1%2Cf2%2Cf3%2C
2026-09-02 06:18:21 [akshare/BJ] 920964.BJ  ß∞‹: ProxyError: HTTPSConnectionPool(host='push2his.eastmoney.com', port=443): Max retries exceeded with url: /api/qt/stock/kline/get?fields1=f1%2Cf2%2Cf3%2C
2026-09-02 06:18:21 [akshare/BJ] 920970.BJ  ß∞‹: ProxyError: HTTPSConnectionPool(host='push2his.eastmoney.com', port=443): Max retries exceeded with url: /api/qt/stock/kline/get?fields1=f1%2Cf2%2Cf3%2C
2026-09-02 06:18:21 [akshare/BJ] 920971.BJ  ß∞‹: ProxyError: HTTPSConnectionPool(host='push2his.eastmoney.com', port=443): Max retries exceeded with url: /api/qt/stock/kline/get?fields1=f1%2Cf2%2Cf3%2C
2026-09-02 06:18:22 [akshare/BJ] 920974.BJ  ß∞‹: ProxyError: HTTPSConnectionPool(host='push2his.eastmoney.com', port=443): Max retries exceeded with url: /api/qt/stock/kline/get?fields1=f1%2Cf2%2Cf3%2C
2026-09-02 06:18:22 [akshare/BJ] 920976.BJ  ß∞‹: ProxyError: HTTPSConnectionPool(host='push2his.eastmoney.com', port=443): Max retries exceeded with url: /api/qt/stock/kline/get?fields1=f1%2Cf2%2Cf3%2C
2026-09-02 06:18:23 [akshare/BJ] 920978.BJ  ß∞‹: ProxyError: HTTPSConnectionPool(host='push2his.eastmoney.com', port=443): Max retries exceeded with url: /api/qt/stock/kline/get?fields1=f1%2Cf2%2Cf3%2C
2026-09-02 06:18:23 [akshare/BJ] 920981.BJ  ß∞‹: ProxyError: HTTPSConnectionPool(host='push2his.eastmoney.com', port=443): Max retries exceeded with url: /api/qt/stock/kline/get?fields1=f1%2Cf2%2Cf3%2C
2026-09-02 06:18:24 [akshare/BJ] 920982.BJ  ß∞‹: ProxyError: HTTPSConnectionPool(host='push2his.eastmoney.com', port=443): Max retries exceeded with url: /api/qt/stock/kline/get?fields1=f1%2Cf2%2Cf3%2C
2026-09-02 06:18:24 [akshare/BJ] 920985.BJ  ß∞‹: ProxyError: HTTPSConnectionPool(host='push2his.eastmoney.com', port=443): Max retries exceeded with url: /api/qt/stock/kline/get?fields1=f1%2Cf2%2Cf3%2C
2026-09-02 06:18:25 [akshare/BJ] 920992.BJ  ß∞‹: ProxyError: HTTPSConnectionPool(host='push2his.eastmoney.com', port=443): Max retries exceeded with url: /api/qt/stock/kline/get?fields1=f1%2Cf2%2Cf3%2C
2026-09-02 06:18:25 [akshare/BJ] Ω· ¯: ok 0, fail 339, ¿€º∆ 0 ––, ∫ƒ ± 149s
2026-09-02 06:18:25 »´≤øÕÍ≥…
